ðŸŒŸ This was machine generated.  Do not edit. ðŸŒŸ

Frame[0] {
    "type": "timeseries-many",
    "custom": {
        "resultType": "exemplar"
    },
    "executedQueryString": "Expr: histogram_quantile(0.99, sum(rate(traces_spanmetrics_duration_seconds_bucket[15s])) by (le))\nStep: 15s"
}
Name: exemplar
Dimensions: 14 Fields by 62 Rows
+-----------------------------------+-----------------+--------------------------------------------+----------------+-------------------+-------------------+----------------+----------------+--------------------+----------------+------------------+-----------------+-------------------+----------------------------------+
| Name: Time                        | Name: Value     | Name: __name__                             | Name: group    | Name: http_method | Name: http_target | Name: instance | Name: le       | Name: service      | Name: source   | Name: span_kind  | Name: span_name | Name: span_status | Name: traceID                    |
| Labels:                           | Labels:         | Labels:                                    | Labels:        | Labels:           | Labels:           | Labels:        | Labels:        | Labels:            | Labels:        | Labels:          | Labels:         | Labels:           | Labels:                          |
| Type: []time.Time                 | Type: []float64 | Type: []string                             | Type: []string | Type: []string    | Type: []string    | Type: []string | Type: []string | Type: []string     | Type: []string | Type: []string   | Type: []string  | Type: []string    | Type: []string                   |
+-----------------------------------+-----------------+--------------------------------------------+----------------+-------------------+-------------------+----------------+----------------+--------------------+----------------+------------------+-----------------+-------------------+----------------------------------+
| 2022-06-01 12:28:36.81 +0000 UTC  | 0.134971        | traces_spanmetrics_duration_seconds_bucket | mythical       |                   |                   | f1c32fe505c3   | 0.256          | mythical-requester | tempo          | SPAN_KIND_CLIENT | requester       | STATUS_CODE_OK    | 46e15ae41852149068aeb26c64643c29 |
| 2022-06-01 12:28:36.81 +0000 UTC  | 0.090381        | traces_spanmetrics_duration_seconds_bucket | mythical       | POST              | /loki/api/v1/push | f1c32fe505c3   | 0.128          | mythical-server    | tempo          | SPAN_KIND_CLIENT | HTTP POST       | STATUS_CODE_OK    | 46e15ae41852149068aeb26c64643c29 |
| 2022-06-01 12:28:41.809 +0000 UTC | 0.05719         | traces_spanmetrics_duration_seconds_bucket | mythical       |                   |                   | f1c32fe505c3   | 0.064          | mythical-requester | tempo          | SPAN_KIND_CLIENT | requester       | STATUS_CODE_OK    | d6ff032e85e6e5719a1f6b923042765f |
| 2022-06-01 12:28:36.81 +0000 UTC  | 0.029188        | traces_spanmetrics_duration_seconds_bucket | mythical       | GET               | /manticore        | f1c32fe505c3   | 0.032          | mythical-server    | tempo          | SPAN_KIND_SERVER | GET /:endpoint  | STATUS_CODE_OK    | 1e58dc2083eceb454846f9ab343a79ff |
| 2022-06-01 12:28:31.809 +0000 UTC | 0.001162        | traces_spanmetrics_duration_seconds_bucket | mythical       |                   |                   | f1c32fe505c3   | 0.002          | mythical-server    | tempo          | SPAN_KIND_CLIENT | pg.query:INSERT | STATUS_CODE_ERROR | 94809f37ec6cc984f2eb2b14a9f8036e |
| 2022-06-01 12:28:46.809 +0000 UTC | 0.071953        | traces_spanmetrics_duration_seconds_bucket | mythical       |                   |                   | f1c32fe505c3   | 0.128          | mythical-requester | tempo          | SPAN_KIND_CLIENT | requester       | STATUS_CODE_OK    | b12280a11924d98f7001f9b03779c6bc |
| 2022-06-01 12:28:46.809 +0000 UTC | 0.041812        | traces_spanmetrics_duration_seconds_bucket | mythical       | GET               | /unicorn          | f1c32fe505c3   | 0.064          | mythical-server    | tempo          | SPAN_KIND_SERVER | GET /:endpoint  | STATUS_CODE_OK    | b12280a11924d98f7001f9b03779c6bc |
| 2022-06-01 12:28:56.809 +0000 UTC | 0.013244        | traces_spanmetrics_duration_seconds_bucket | mythical       |                   |                   | f1c32fe505c3   | 0.016          | mythical-requester | tempo          | SPAN_KIND_CLIENT | log_to_loki     | STATUS_CODE_OK    | 43cd491719146ad9c706d73b4870512c |
| 2022-06-01 12:29:06.809 +0000 UTC | 0.070504        | traces_spanmetrics_duration_seconds_bucket | mythical       |                   |                   | f1c32fe505c3   | 0.128          | mythical-requester | tempo          | SPAN_KIND_CLIENT | requester       | STATUS_CODE_OK    | e08c737b2dc96959a8dda2cb76c91de7 |
| ...                               | ...             | ...                                        | ...            | ...               | ...               | ...            | ...            | ...                | ...            | ...              | ...             | ...               | ...                              |
+-----------------------------------+-----------------+--------------------------------------------+----------------+-------------------+-------------------+----------------+----------------+--------------------+----------------+------------------+-----------------+-------------------+----------------------------------+


====== TEST DATA RESPONSE (arrow base64) ======
FRAME=QVJST1cxAAD/////2AYAABAAAAAAAAoADgAMAAsABAAKAAAAFAAAAAAAAAEEAAoADAAAAAgABAAKAAAACAAAADwBAAADAAAAVAAAACgAAAAEAAAAvPn//wgAAAAMAAAAAAAAAAAAAAAFAAAAcmVmSWQAAADc+f//CAAAABQAAAAIAAAAZXhlbXBsYXIAAAAABAAAAG5hbWUAAAAABPr//wgAAADMAAAAwwAAAHsidHlwZSI6InRpbWVzZXJpZXMtbWFueSIsImN1c3RvbSI6eyJyZXN1bHRUeXBlIjoiZXhlbXBsYXIifSwiZXhlY3V0ZWRRdWVyeVN0cmluZyI6IkV4cHI6IGhpc3RvZ3JhbV9xdWFudGlsZSgwLjk5LCBzdW0ocmF0ZSh0cmFjZXNfc3Bhbm1ldHJpY3NfZHVyYXRpb25fc2Vjb25kc19idWNrZXRbMTVzXSkpIGJ5IChsZSkpXG5TdGVwOiAxNXMifQAEAAAAbWV0YQAAAAAOAAAA+AQAAIgEAAAgBAAAxAMAAGADAAD8AgAAmAIAAEQCAADoAQAAjAEAACgBAADEAAAAYAAAAAQAAABS+///FAAAADwAAAA8AAAAAAAABTgAAAABAAAABAAAAED7//8IAAAAEAAAAAcAAAB0cmFjZUlEAAQAAABuYW1lAAAAAAAAAAAM/P//BwAAAHRyYWNlSUQAqvv//xQAAABAAAAAQAAAAAAAAAU8AAAAAQAAAAQAAACY+///CAAAABQAAAALAAAAc3Bhbl9zdGF0dXMABAAAAG5hbWUAAAAAAAAAAGj8//8LAAAAc3Bhbl9zdGF0dXMACvz//xQAAABAAAAAQAAAAAAAAAU8AAAAAQAAAAQAAAD4+///CAAAABQAAAAJAAAAc3Bhbl9uYW1lAAAABAAAAG5hbWUAAAAAAAAAAMj8//8JAAAAc3Bhbl9uYW1lAAAAavz//xQAAABAAAAAQAAAAAAAAAU8AAAAAQAAAAQAAABY/P//CAAAABQAAAAJAAAAc3Bhbl9raW5kAAAABAAAAG5hbWUAAAAAAAAAACj9//8JAAAAc3Bhbl9raW5kAAAAyvz//xQAAAA8AAAAPAAAAAAAAAU4AAAAAQAAAAQAAAC4/P//CAAAABAAAAAGAAAAc291cmNlAAAEAAAAbmFtZQAAAAAAAAAAhP3//wYAAABzb3VyY2UAACL9//8UAAAAPAAAADwAAAAAAAAFOAAAAAEAAAAEAAAAEP3//wgAAAAQAAAABwAAAHNlcnZpY2UABAAAAG5hbWUAAAAAAAAAANz9//8HAAAAc2VydmljZQB6/f//FAAAADgAAAA4AAAAAAAABTQAAAABAAAABAAAAGj9//8IAAAADAAAAAIAAABsZQAABAAAAG5hbWUAAAAAAAAAADD+//8CAAAAbGUAAMr9//8UAAAAQAAAAEAAAAAAAAAFPAAAAAEAAAAEAAAAuP3//wgAAAAUAAAACAAAAGluc3RhbmNlAAAAAAQAAABuYW1lAAAAAAAAAACI/v//CAAAAGluc3RhbmNlAAAAACr+//8UAAAAQAAAAEAAAAAAAAAFPAAAAAEAAAAEAAAAGP7//wgAAAAUAAAACwAAAGh0dHBfdGFyZ2V0AAQAAABuYW1lAAAAAAAAAADo/v//CwAAAGh0dHBfdGFyZ2V0AIr+//8UAAAAQAAAAEAAAAAAAAAFPAAAAAEAAAAEAAAAeP7//wgAAAAUAAAACwAAAGh0dHBfbWV0aG9kAAQAAABuYW1lAAAAAAAAAABI////CwAAAGh0dHBfbWV0aG9kAOr+//8UAAAAPAAAADwAAAAAAAAFOAAAAAEAAAAEAAAA2P7//wgAAAAQAAAABQAAAGdyb3VwAAAABAAAAG5hbWUAAAAAAAAAAKT///8FAAAAZ3JvdXAAAABC////FAAAAEAAAABEAAAAAAAABUAAAAABAAAABAAAADD///8IAAAAFAAAAAgAAABfX25hbWVfXwAAAAAEAAAAbmFtZQAAAAAAAAAABAAEAAQAAAAIAAAAX19uYW1lX18AAAAApv///xQAAAA8AAAAPAAAAAAAAAM8AAAAAQAAAAQAAACU////CAAAABAAAAAFAAAAVmFsdWUAAAAEAAAAbmFtZQAAAAAAAAAAiv///wAAAgAFAAAAVmFsdWUAEgAYABQAAAATAAwAAAAIAAQAEgAAABQAAABEAAAATAAAAAAAAApMAAAAAQAAAAwAAAAIAAwACAAEAAgAAAAIAAAAEAAAAAQAAABUaW1lAAAAAAQAAABuYW1lAAAAAAAAAAAAAAYACAAGAAYAAAAAAAMABAAAAFRpbWUAAAAAAAAAAP////+4AwAAFAAAAAAAAAAMABYAFAATAAwABAAMAAAAWDgAAAAAAAAUAAAAAAAAAwQACgAYAAwACAAEAAoAAAAUAAAAmAIAAD4AAAAAAAAAAAAAACgAAAAAAAAAAAAAAAAAAAAAAAAAAAAAAAAAAADwAQAAAAAAAPABAAAAAAAAAAAAAAAAAADwAQAAAAAAAPABAAAAAAAA4AMAAAAAAAAAAAAAAAAAAOADAAAAAAAA/AAAAAAAAADgBAAAAAAAACwKAAAAAAAAEA8AAAAAAAAAAAAAAAAAABAPAAAAAAAA/AAAAAAAAAAQEAAAAAAAAPABAAAAAAAAABIAAAAAAAAAAAAAAAAAAAASAAAAAAAA/AAAAAAAAAAAEwAAAAAAADwAAAAAAAAAQBMAAAAAAAAAAAAAAAAAAEATAAAAAAAA/AAAAAAAAABAFAAAAAAAANAAAAAAAAAAEBUAAAAAAAAAAAAAAAAAABAVAAAAAAAA/AAAAAAAAAAQFgAAAAAAAOgCAAAAAAAA+BgAAAAAAAAAAAAAAAAAAPgYAAAAAAAA/AAAAAAAAAD4GQAAAAAAADYBAAAAAAAAMBsAAAAAAAAAAAAAAAAAADAbAAAAAAAA/AAAAAAAAAAwHAAAAAAAAAIEAAAAAAAAOCAAAAAAAAAAAAAAAAAAADggAAAAAAAA/AAAAAAAAAA4IQAAAAAAADYBAAAAAAAAcCIAAAAAAAAAAAAAAAAAAHAiAAAAAAAA/AAAAAAAAABwIwAAAAAAAOoDAAAAAAAAYCcAAAAAAAAAAAAAAAAAAGAnAAAAAAAA/AAAAAAAAABgKAAAAAAAALACAAAAAAAAECsAAAAAAAAAAAAAAAAAABArAAAAAAAA/AAAAAAAAAAQLAAAAAAAAIgDAAAAAAAAmC8AAAAAAAAAAAAAAAAAAJgvAAAAAAAA/AAAAAAAAACYMAAAAAAAALsHAAAAAAAAAAAAAA4AAAA+AAAAAAAAAAAAAAAAAAAAPgAAAAAAAAAAAAAAAAAAAD4AAAAAAAAAAAAAAAAAAAA+AAAAAAAAAAAAAAAAAAAAPgAAAAAAAAAAAAAAAAAAAD4AAAAAAAAAAAAAAAAAAAA+AAAAAAAAAAAAAAAAAAAAPgAAAAAAAAAAAAAAAAAAAD4AAAAAAAAAAAAAAAAAAAA+AAAAAAAAAAAAAAAAAAAAPgAAAAAAAAAAAAAAAAAAAD4AAAAAAAAAAAAAAAAAAAA+AAAAAAAAAAAAAAAAAAAAPgAAAAAAAAAAAAAAAAAAAIAmOV7sfvQWgCY5Xux+9BZA1i+I7X70FoAmOV7sfvQWQPIjNOt+9BZAyDWy7n70FkDINbLufvQWQKxBBvF+9BZAkE1a8370FkCQTVrzfvQWQJBNWvN+9BZAWGUC+H70FkBYZQL4fvQWgKhu2PZ+9BZASmss+X70FoB+gFb6fvQWgH6AVvp+9BZAEoPU/X70FkAgfar8fvQWQBKD1P1+9BZA6JRSAX/0FkD2jigAf/QWgPK7+gV/9BZAvqbQBH/0FoAOsKYDf/QWQJS4Tgh/9BZAorIkB3/0FkCGvngJf/QWQGrKzAt/9BZAeMSiCn/0FkBqyswLf/QWQEDcSg9/9BZATtYgDn/0FkBA3EoPf/QWQCTonhF/9BZAJOieEX/0FkAI9PITf/QWQN4FcRd/9BZA3gVxF3/0FkDs/0YWf/QWQLQX7xp/9BZAtBfvGn/0FkDQC5sYf/QWQIopbR5/9BZAph0ZHH/0FkCKKW0ef/QWQKYdGRx/9BZAbjXBIH/0FkBuNcEgf/QWQGA76yF/9BZANk1pJX/0FkBSQRUjf/QWQDZNaSV/9BZADF/nKH/0FkAoU5Mmf/QWQChTkyZ/9BZA8Go7K3/0FkDicGUsf/QWQPBqOyt/9BZAxny5Ln/0FkDGfLkuf/QWQNR2jy1/9Bb6RnTPukbBP80FLo81I7c/1QRR9wFIrT+CGr6FdeOdPxFy3v/HCVM/1V3ZBYNrsj/mIynpYWilP20f8parH4s/F7g81owMsj8baD7nbtejP/D7Ny9OfIU/TyLCvwgasz8+daxSeqanP9c07zhFR5I/dENTdvpBsT/ZsRGI1/WjP6ysbYrHRYU/XYdqSrIOtz/xLawb746sP6H3xhAAHJs/JvxSP28qqj9TQNr/AGuVP7NdoQ+WsbE/uf5dnznroz8PXru04bCEP2Eaho+IKbE/SvCGNCpwoj+un/6z5sd/P5NUppiDoLM/MiJRaFn3pz+D+pY5XRaTP8jrwaT4+LA/X7adtkYEoz/yI37FGi6CP5gTtMnhk7I/a7qe6Lrwoz+jOh3IemqFP6Uw73GmCbc/MQbWcfxQqT+SBre1heeVP0rOiT20j7E/2exI9Z1fpD99JZASu7aHP7+ByY0ia7k/CFqBIatbsT/3OT5anDGkP5XvGYnQCIY/E36pnzcVsT9dUN8yp8uiP533/3HChIE/inPU0XE1sj+WeEDZlCukP65FC9C2moU/z/kpjgOvsj86zQLtDimmP/mCFhIwuow/NWH7yRgfsj9Q4J18emyjPyR7hJohVYQ/M40mF2NgsT9JLCl3n+OjP6t5jsh3KYU/AAAAACoAAABUAAAAfgAAAKgAAADSAAAA/AAAACYBAABQAQAAegEAAKQBAADOAQAA+AEAACICAABMAgAAdgIAAKACAADKAgAA9AIAAB4DAABIAwAAcgMAAJwDAADGAwAA8AMAABoEAABEBAAAbgQAAJgEAADCBAAA7AQAABYFAABABQAAagUAAJQFAAC+BQAA6AUAABIGAAA8BgAAZgYAAJAGAAC6BgAA5AYAAA4HAAA4BwAAYgcAAIwHAAC2BwAA4AcAAAoIAAA0CAAAXggAAIgIAACyCAAA3AgAAAYJAAAwCQAAWgkAAIQJAACuCQAA2AkAAAIKAAAsCgAAAAAAAHRyYWNlc19zcGFubWV0cmljc19kdXJhdGlvbl9zZWNvbmRzX2J1Y2tldHRyYWNlc19zcGFubWV0cmljc19kdXJhdGlvbl9zZWNvbmRzX2J1Y2tldHRyYWNlc19zcGFubWV0cmljc19kdXJhdGlvbl9zZWNvbmRzX2J1Y2tldHRyYWNlc19zcGFubWV0cmljc19kdXJhdGlvbl9zZWNvbmRzX2J1Y2tldHRyYWNlc19zcGFubWV0cmljc19kdXJhdGlvbl9zZWNvbmRzX2J1Y2tldHRyYWNlc19zcGFubWV0cmljc19kdXJhdGlvbl9zZWNvbmRzX2J1Y2tldHRyYWNlc19zcGFubWV0cmljc19kdXJhdGlvbl9zZWNvbmRzX2J1Y2tldHRyYWNlc19zcGFubWV0cmljc19kdXJhdGlvbl9zZWNvbmRzX2J1Y2tldHRyYWNlc19zcGFubWV0cmljc19kdXJhdGlvbl9zZWNvbmRzX2J1Y2tldHRyYWNlc19zcGFubWV0cmljc19kdXJhdGlvbl9zZWNvbmRzX2J1Y2tldHRyYWNlc19zcGFubWV0cmljc19kdXJhdGlvbl9zZWNvbmRzX2J1Y2tldHRyYWNlc19zcGFubWV0cmljc19kdXJhdGlvbl9zZWNvbmRzX2J1Y2tldHRyYWNlc19zcGFubWV0cmljc19kdXJhdGlvbl9zZWNvbmRzX2J1Y2tldHRyYWNlc19zcGFubWV0cmljc19kdXJhdGlvbl9zZWNvbmRzX2J1Y2tldHRyYWNlc19zcGFubWV0cmljc19kdXJhdGlvbl9zZWNvbmRzX2J1Y2tldHRyYWNlc19zcGFubWV0cmljc19kdXJhdGlvbl9zZWNvbmRzX2J1Y2tldHRyYWNlc19zcGFubWV0cmljc19kdXJhdGlvbl9zZWNvbmRzX2J1Y2tldHRyYWNlc19zcGFubWV0cmljc19kdXJhdGlvbl9zZWNvbmRzX2J1Y2tldHRyYWNlc19zcGFubWV0cmljc19kdXJhdGlvbl9zZWNvbmRzX2J1Y2tldHRyYWNlc19zcGFubWV0cmljc19kdXJhdGlvbl9zZWNvbmRzX2J1Y2tldHRyYWNlc19zcGFubWV0cmljc19kdXJhdGlvbl9zZWNvbmRzX2J1Y2tldHRyYWNlc19zcGFubWV0cmljc19kdXJhdGlvbl9zZWNvbmRzX2J1Y2tldHRyYWNlc19zcGFubWV0cmljc19kdXJhdGlvbl9zZWNvbmRzX2J1Y2tldHRyYWNlc19zcGFubWV0cmljc19kdXJhdGlvbl9zZWNvbmRzX2J1Y2tldHRyYWNlc19zcGFubWV0cmljc19kdXJhdGlvbl9zZWNvbmRzX2J1Y2tldHRyYWNlc19zcGFubWV0cmljc19kdXJhdGlvbl9zZWNvbmRzX2J1Y2tldHRyYWNlc19zcGFubWV0cmljc19kdXJhdGlvbl9zZWNvbmRzX2J1Y2tldHRyYWNlc19zcGFubWV0cmljc19kdXJhdGlvbl9zZWNvbmRzX2J1Y2tldHRyYWNlc19zcGFubWV0cmljc19kdXJhdGlvbl9zZWNvbmRzX2J1Y2tldHRyYWNlc19zcGFubWV0cmljc19kdXJhdGlvbl9zZWNvbmRzX2J1Y2tldHRyYWNlc19zcGFubWV0cmljc19kdXJhdGlvbl9zZWNvbmRzX2J1Y2tldHRyYWNlc19zcGFubWV0cmljc19kdXJhdGlvbl9zZWNvbmRzX2J1Y2tldHRyYWNlc19zcGFubWV0cmljc19kdXJhdGlvbl9zZWNvbmRzX2J1Y2tldHRyYWNlc19zcGFubWV0cmljc19kdXJhdGlvbl9zZWNvbmRzX2J1Y2tldHRyYWNlc19zcGFubWV0cmljc19kdXJhdGlvbl9zZWNvbmRzX2J1Y2tldHRyYWNlc19zcGFubWV0cmljc19kdXJhdGlvbl9zZWNvbmRzX2J1Y2tldHRyYWNlc19zcGFubWV0cmljc19kdXJhdGlvbl9zZWNvbmRzX2J1Y2tldHRyYWNlc19zcGFubWV0cmljc19kdXJhdGlvbl9zZWNvbmRzX2J1Y2tldHRyYWNlc19zcGFubWV0cmljc19kdXJhdGlvbl9zZWNvbmRzX2J1Y2tldHRyYWNlc19zcGFubWV0cmljc19kdXJhdGlvbl9zZWNvbmRzX2J1Y2tldHRyYWNlc19zcGFubWV0cmljc19kdXJhdGlvbl9zZWNvbmRzX2J1Y2tldHRyYWNlc19zcGFubWV0cmljc19kdXJhdGlvbl9zZWNvbmRzX2J1Y2tldHRyYWNlc19zcGFubWV0cmljc19kdXJhdGlvbl9zZWNvbmRzX2J1Y2tldHRyYWNlc19zcGFubWV0cmljc19kdXJhdGlvbl9zZWNvbmRzX2J1Y2tldHRyYWNlc19zcGFubWV0cmljc19kdXJhdGlvbl9zZWNvbmRzX2J1Y2tldHRyYWNlc19zcGFubWV0cmljc19kdXJhdGlvbl9zZWNvbmRzX2J1Y2tldHRyYWNlc19zcGFubWV0cmljc19kdXJhdGlvbl9zZWNvbmRzX2J1Y2tldHRyYWNlc19zcGFubWV0cmljc19kdXJhdGlvbl9zZWNvbmRzX2J1Y2tldHRyYWNlc19zcGFubWV0cmljc19kdXJhdGlvbl9zZWNvbmRzX2J1Y2tldHRyYWNlc19zcGFubWV0cmljc19kdXJhdGlvbl9zZWNvbmRzX2J1Y2tldHRyYWNlc19zcGFubWV0cmljc19kdXJhdGlvbl9zZWNvbmRzX2J1Y2tldHRyYWNlc19zcGFubWV0cmljc19kdXJhdGlvbl9zZWNvbmRzX2J1Y2tldHRyYWNlc19zcGFubWV0cmljc19kdXJhdGlvbl9zZWNvbmRzX2J1Y2tldHRyYWNlc19zcGFubWV0cmljc19kdXJhdGlvbl9zZWNvbmRzX2J1Y2tldHRyYWNlc19zcGFubWV0cmljc19kdXJhdGlvbl9zZWNvbmRzX2J1Y2tldHRyYWNlc19zcGFubWV0cmljc19kdXJhdGlvbl9zZWNvbmRzX2J1Y2tldHRyYWNlc19zcGFubWV0cmljc19kdXJhdGlvbl9zZWNvbmRzX2J1Y2tldHRyYWNlc19zcGFubWV0cmljc19kdXJhdGlvbl9zZWNvbmRzX2J1Y2tldHRyYWNlc19zcGFubWV0cmljc19kdXJhdGlvbl9zZWNvbmRzX2J1Y2tldHRyYWNlc19zcGFubWV0cmljc19kdXJhdGlvbl9zZWNvbmRzX2J1Y2tldHRyYWNlc19zcGFubWV0cmljc19kdXJhdGlvbl9zZWNvbmRzX2J1Y2tldHRyYWNlc19zcGFubWV0cmljc19kdXJhdGlvbl9zZWNvbmRzX2J1Y2tldAAAAAAAAAAACAAAABAAAAAYAAAAIAAAACgAAAAwAAAAOAAAAEAAAABIAAAAUAAAAFgAAABgAAAAaAAAAHAAAAB4AAAAgAAAAIgAAACQAAAAmAAAAKAAAACoAAAAsAAAALgAAADAAAAAyAAAANAAAADYAAAA4AAAAOgAAADwAAAA+AAAAAABAAAIAQAAEAEAABgBAAAgAQAAKAEAADABAAA4AQAAQAEAAEgBAABQAQAAWAEAAGABAABoAQAAcAEAAHgBAACAAQAAiAEAAJABAACYAQAAoAEAAKgBAACwAQAAuAEAAMABAADIAQAA0AEAANgBAADgAQAA6AEAAPABAAAAAAAAbXl0aGljYWxteXRoaWNhbG15dGhpY2FsbXl0aGljYWxteXRoaWNhbG15dGhpY2FsbXl0aGljYWxteXRoaWNhbG15dGhpY2FsbXl0aGljYWxteXRoaWNhbG15dGhpY2FsbXl0aGljYWxteXRoaWNhbG15dGhpY2FsbXl0aGljYWxteXRoaWNhbG15dGhpY2FsbXl0aGljYWxteXRoaWNhbG15dGhpY2FsbXl0aGljYWxteXRoaWNhbG15dGhpY2FsbXl0aGljYWxteXRoaWNhbG15dGhpY2FsbXl0aGljYWxteXRoaWNhbG15dGhpY2FsbXl0aGljYWxteXRoaWNhbG15dGhpY2FsbXl0aGljYWxteXRoaWNhbG15dGhpY2FsbXl0aGljYWxteXRoaWNhbG15dGhpY2FsbXl0aGljYWxteXRoaWNhbG15dGhpY2FsbXl0aGljYWxteXRoaWNhbG15dGhpY2FsbXl0aGljYWxteXRoaWNhbG15dGhpY2FsbXl0aGljYWxteXRoaWNhbG15dGhpY2FsbXl0aGljYWxteXRoaWNhbG15dGhpY2FsbXl0aGljYWxteXRoaWNhbG15dGhpY2FsbXl0aGljYWxteXRoaWNhbG15dGhpY2FsbXl0aGljYWxteXRoaWNhbAAAAAAAAAAABAAAAAQAAAAHAAAABwAAAAcAAAAKAAAACgAAAAoAAAANAAAADQAAAA0AAAANAAAADQAAAA0AAAAQAAAAEAAAABAAAAAQAAAAEwAAABMAAAATAAAAEwAAABYAAAAWAAAAFgAAABkAAAAZAAAAGQAAABwAAAAcAAAAHAAAABwAAAAcAAAAHAAAACAAAAAgAAAAIAAAACAAAAAkAAAAJAAAACcAAAArAAAAKwAAACsAAAArAAAAKwAAACsAAAAuAAAAMgAAADIAAAA1AAAANQAAADUAAAA5AAAAOQAAADkAAAA8AAAAPAAAADwAAAA8AAAAPAAAAAAAAABQT1NUR0VUR0VUR0VUR0VUR0VUR0VUR0VUR0VUUE9TVFBPU1RHRVRQT1NUR0VUUE9TVEdFVFBPU1RHRVQAAAAAAAAAAAAAAAARAAAAEQAAABsAAAAbAAAAGwAAACMAAAAjAAAAIwAAAC0AAAAtAAAALQAAAC0AAAAtAAAALQAAADcAAAA3AAAANwAAADcAAABBAAAAQQAAAEEAAABBAAAASwAAAEsAAABLAAAAUwAAAFMAAABTAAAAWwAAAFsAAABbAAAAWwAAAFsAAABbAAAAbAAAAGwAAABsAAAAbAAAAH0AAAB9AAAAhwAAAJAAAACQAAAAkAAAAJAAAACQAAAAkAAAAJoAAACrAAAAqwAAALUAAAC1AAAAtQAAAMYAAADGAAAAxgAAANAAAADQAAAA0AAAANAAAADQAAAAAAAAAC9sb2tpL2FwaS92MS9wdXNoL21hbnRpY29yZS91bmljb3JuL21hbnRpY29yZS9tYW50aWNvcmUvbWFudGljb3JlL21hbnRpY29yZS91bmljb3JuL3VuaWNvcm4vbG9raS9hcGkvdjEvcHVzaC9sb2tpL2FwaS92MS9wdXNoL21hbnRpY29yZS9iZWhvbGRlci9tYW50aWNvcmUvbG9raS9hcGkvdjEvcHVzaC9tYW50aWNvcmUvbG9raS9hcGkvdjEvcHVzaC9tYW50aWNvcmUAAAAADAAAABgAAAAkAAAAMAAAADwAAABIAAAAVAAAAGAAAABsAAAAeAAAAIQAAACQAAAAnAAAAKgAAAC0AAAAwAAAAMwAAADYAAAA5AAAAPAAAAD8AAAACAEAABQBAAAgAQAALAEAADgBAABEAQAAUAEAAFwBAABoAQAAdAEAAIABAACMAQAAmAEAAKQBAACwAQAAvAEAAMgBAADUAQAA4AEAAOwBAAD4AQAABAIAABACAAAcAgAAKAIAADQCAABAAgAATAIAAFgCAABkAgAAcAIAAHwCAACIAgAAlAIAAKACAACsAgAAuAIAAMQCAADQAgAA3AIAAOgCAAAAAAAAZjFjMzJmZTUwNWMzZjFjMzJmZTUwNWMzZjFjMzJmZTUwNWMzZjFjMzJmZTUwNWMzZjFjMzJmZTUwNWMzZjFjMzJmZTUwNWMzZjFjMzJmZTUwNWMzZjFjMzJmZTUwNWMzZjFjMzJmZTUwNWMzZjFjMzJmZTUwNWMzZjFjMzJmZTUwNWMzZjFjMzJmZTUwNWMzZjFjMzJmZTUwNWMzZjFjMzJmZTUwNWMzZjFjMzJmZTUwNWMzZjFjMzJmZTUwNWMzZjFjMzJmZTUwNWMzZjFjMzJmZTUwNWMzZjFjMzJmZTUwNWMzZjFjMzJmZTUwNWMzZjFjMzJmZTUwNWMzZjFjMzJmZTUwNWMzZjFjMzJmZTUwNWMzZjFjMzJmZTUwNWMzZjFjMzJmZTUwNWMzZjFjMzJmZTUwNWMzZjFjMzJmZTUwNWMzZjFjMzJmZTUwNWMzZjFjMzJmZTUwNWMzZjFjMzJmZTUwNWMzZjFjMzJmZTUwNWMzZjFjMzJmZTUwNWMzZjFjMzJmZTUwNWMzZjFjMzJmZTUwNWMzZjFjMzJmZTUwNWMzZjFjMzJmZTUwNWMzZjFjMzJmZTUwNWMzZjFjMzJmZTUwNWMzZjFjMzJmZTUwNWMzZjFjMzJmZTUwNWMzZjFjMzJmZTUwNWMzZjFjMzJmZTUwNWMzZjFjMzJmZTUwNWMzZjFjMzJmZTUwNWMzZjFjMzJmZTUwNWMzZjFjMzJmZTUwNWMzZjFjMzJmZTUwNWMzZjFjMzJmZTUwNWMzZjFjMzJmZTUwNWMzZjFjMzJmZTUwNWMzZjFjMzJmZTUwNWMzZjFjMzJmZTUwNWMzZjFjMzJmZTUwNWMzZjFjMzJmZTUwNWMzZjFjMzJmZTUwNWMzZjFjMzJmZTUwNWMzZjFjMzJmZTUwNWMzZjFjMzJmZTUwNWMzZjFjMzJmZTUwNWMzZjFjMzJmZTUwNWMzZjFjMzJmZTUwNWMzZjFjMzJmZTUwNWMzAAAAAAUAAAAKAAAADwAAABQAAAAZAAAAHgAAACMAAAAoAAAALQAAADIAAAA3AAAAPAAAAEEAAABGAAAASwAAAFAAAABVAAAAWgAAAF8AAABkAAAAaQAAAG4AAABzAAAAeAAAAH0AAACCAAAAhwAAAIwAAACRAAAAlgAAAJsAAACgAAAApQAAAKoAAACvAAAAtAAAALkAAAC+AAAAwwAAAMgAAADNAAAA0gAAANcAAADcAAAA4QAAAOYAAADrAAAA8AAAAPUAAAD6AAAA/wAAAAQBAAAJAQAADgEAABMBAAAYAQAAHQEAACIBAAAnAQAALAEAADEBAAA2AQAAAAAAADAuMjU2MC4xMjgwLjA2NDAuMDMyMC4wMDIwLjEyODAuMDY0MC4wMTYwLjEyODAuMDY0MC4wMTYwLjEyODAuMDY0MC4wMzIwLjEyODAuMDY0MC4wMTYwLjEyODAuMDY0MC4wMzIwLjA2NDAuMDMyMC4xMjgwLjA2NDAuMDE2MC4xMjgwLjA2NDAuMDA4MC4xMjgwLjA2NDAuMDMyMC4xMjgwLjA2NDAuMDE2MC4xMjgwLjA2NDAuMDE2MC4xMjgwLjA2NDAuMDMyMC4xMjgwLjA2NDAuMDE2MC4xMjgwLjEyODAuMDY0MC4wMTYwLjEyODAuMDY0MC4wMTYwLjEyODAuMDY0MC4wMTYwLjEyODAuMDY0MC4wMTYwLjEyODAuMDY0MC4wMTYwLjEyODAuMDY0MC4wMTYAAAAAAAASAAAAIQAAADMAAABCAAAAUQAAAGMAAAByAAAAhAAAAJYAAAClAAAAtAAAAMYAAADVAAAA5wAAAPkAAAAIAQAAFwEAACkBAAA7AQAASgEAAFwBAABuAQAAgAEAAI8BAAChAQAAswEAAMIBAADUAQAA5gEAAPUBAAAEAgAAFgIAACUCAAA0AgAARgIAAFUCAABkAgAAdgIAAIgCAACXAgAAqQIAALgCAADHAgAA2QIAAOsCAAD6AgAADAMAAB4DAAAtAwAAPAMAAE4DAABdAwAAbwMAAIEDAACQAwAAogMAALQDAADDAwAA0gMAAOQDAADzAwAAAgQAAAAAAABteXRoaWNhbC1yZXF1ZXN0ZXJteXRoaWNhbC1zZXJ2ZXJteXRoaWNhbC1yZXF1ZXN0ZXJteXRoaWNhbC1zZXJ2ZXJteXRoaWNhbC1zZXJ2ZXJteXRoaWNhbC1yZXF1ZXN0ZXJteXRoaWNhbC1zZXJ2ZXJteXRoaWNhbC1yZXF1ZXN0ZXJteXRoaWNhbC1yZXF1ZXN0ZXJteXRoaWNhbC1zZXJ2ZXJteXRoaWNhbC1zZXJ2ZXJteXRoaWNhbC1yZXF1ZXN0ZXJteXRoaWNhbC1zZXJ2ZXJteXRoaWNhbC1yZXF1ZXN0ZXJteXRoaWNhbC1yZXF1ZXN0ZXJteXRoaWNhbC1zZXJ2ZXJteXRoaWNhbC1zZXJ2ZXJteXRoaWNhbC1yZXF1ZXN0ZXJteXRoaWNhbC1yZXF1ZXN0ZXJteXRoaWNhbC1zZXJ2ZXJteXRoaWNhbC1yZXF1ZXN0ZXJteXRoaWNhbC1yZXF1ZXN0ZXJteXRoaWNhbC1yZXF1ZXN0ZXJteXRoaWNhbC1zZXJ2ZXJteXRoaWNhbC1yZXF1ZXN0ZXJteXRoaWNhbC1yZXF1ZXN0ZXJteXRoaWNhbC1zZXJ2ZXJteXRoaWNhbC1yZXF1ZXN0ZXJteXRoaWNhbC1yZXF1ZXN0ZXJteXRoaWNhbC1zZXJ2ZXJteXRoaWNhbC1zZXJ2ZXJteXRoaWNhbC1yZXF1ZXN0ZXJteXRoaWNhbC1zZXJ2ZXJteXRoaWNhbC1zZXJ2ZXJteXRoaWNhbC1yZXF1ZXN0ZXJteXRoaWNhbC1zZXJ2ZXJteXRoaWNhbC1zZXJ2ZXJteXRoaWNhbC1yZXF1ZXN0ZXJteXRoaWNhbC1yZXF1ZXN0ZXJteXRoaWNhbC1zZXJ2ZXJteXRoaWNhbC1yZXF1ZXN0ZXJteXRoaWNhbC1zZXJ2ZXJteXRoaWNhbC1zZXJ2ZXJteXRoaWNhbC1yZXF1ZXN0ZXJteXRoaWNhbC1yZXF1ZXN0ZXJteXRoaWNhbC1zZXJ2ZXJteXRoaWNhbC1yZXF1ZXN0ZXJteXRoaWNhbC1yZXF1ZXN0ZXJteXRoaWNhbC1zZXJ2ZXJteXRoaWNhbC1zZXJ2ZXJteXRoaWNhbC1yZXF1ZXN0ZXJteXRoaWNhbC1zZXJ2ZXJteXRoaWNhbC1yZXF1ZXN0ZXJteXRoaWNhbC1yZXF1ZXN0ZXJteXRoaWNhbC1zZXJ2ZXJteXRoaWNhbC1yZXF1ZXN0ZXJteXRoaWNhbC1yZXF1ZXN0ZXJteXRoaWNhbC1zZXJ2ZXJteXRoaWNhbC1zZXJ2ZXJteXRoaWNhbC1yZXF1ZXN0ZXJteXRoaWNhbC1zZXJ2ZXJteXRoaWNhbC1zZXJ2ZXIAAAAAAAAAAAAABQAAAAoAAAAPAAAAFAAAABkAAAAeAAAAIwAAACgAAAAtAAAAMgAAADcAAAA8AAAAQQAAAEYAAABLAAAAUAAAAFUAAABaAAAAXwAAAGQAAABpAAAAbgAAAHMAAAB4AAAAfQAAAIIAAACHAAAAjAAAAJEAAACWAAAAmwAAAKAAAAClAAAAqgAAAK8AAAC0AAAAuQAAAL4AAADDAAAAyAAAAM0AAADSAAAA1wAAANwAAADhAAAA5gAAAOsAAADwAAAA9QAAAPoAAAD/AAAABAEAAAkBAAAOAQAAEwEAABgBAAAdAQAAIgEAACcBAAAsAQAAMQEAADYBAAAAAAAAdGVtcG90ZW1wb3RlbXBvdGVtcG90ZW1wb3RlbXBvdGVtcG90ZW1wb3RlbXBvdGVtcG90ZW1wb3RlbXBvdGVtcG90ZW1wb3RlbXBvdGVtcG90ZW1wb3RlbXBvdGVtcG90ZW1wb3RlbXBvdGVtcG90ZW1wb3RlbXBvdGVtcG90ZW1wb3RlbXBvdGVtcG90ZW1wb3RlbXBvdGVtcG90ZW1wb3RlbXBvdGVtcG90ZW1wb3RlbXBvdGVtcG90ZW1wb3RlbXBvdGVtcG90ZW1wb3RlbXBvdGVtcG90ZW1wb3RlbXBvdGVtcG90ZW1wb3RlbXBvdGVtcG90ZW1wb3RlbXBvdGVtcG90ZW1wb3RlbXBvdGVtcG90ZW1wb3RlbXBvdGVtcG90ZW1wb3RlbXBvdGVtcG90ZW1wbwAAAAAAABAAAAAgAAAAMAAAAEAAAABQAAAAYAAAAHAAAACAAAAAkAAAAKAAAACwAAAAwAAAANAAAADgAAAA8AAAAAABAAAQAQAAIAEAADABAABAAQAAUAEAAGABAABwAQAAgAEAAJABAACgAQAAsAEAAMABAADQAQAA4AEAAPABAAAAAgAAEAIAACUCAAA1AgAARQIAAFUCAABlAgAAdQIAAIUCAACVAgAApQIAALUCAADFAgAA1QIAAOUCAAD1AgAABQMAABUDAAAlAwAANQMAAEUDAABVAwAAZQMAAHUDAACFAwAAlQMAAKUDAAC1AwAAxQMAANoDAADqAwAAAAAAAFNQQU5fS0lORF9DTElFTlRTUEFOX0tJTkRfQ0xJRU5UU1BBTl9LSU5EX0NMSUVOVFNQQU5fS0lORF9TRVJWRVJTUEFOX0tJTkRfQ0xJRU5UU1BBTl9LSU5EX0NMSUVOVFNQQU5fS0lORF9TRVJWRVJTUEFOX0tJTkRfQ0xJRU5UU1BBTl9LSU5EX0NMSUVOVFNQQU5fS0lORF9TRVJWRVJTUEFOX0tJTkRfQ0xJRU5UU1BBTl9LSU5EX0NMSUVOVFNQQU5fS0lORF9DTElFTlRTUEFOX0tJTkRfQ0xJRU5UU1BBTl9LSU5EX0NMSUVOVFNQQU5fS0lORF9TRVJWRVJTUEFOX0tJTkRfQ0xJRU5UU1BBTl9LSU5EX0NMSUVOVFNQQU5fS0lORF9DTElFTlRTUEFOX0tJTkRfU0VSVkVSU1BBTl9LSU5EX0NMSUVOVFNQQU5fS0lORF9DTElFTlRTUEFOX0tJTkRfQ0xJRU5UU1BBTl9LSU5EX1NFUlZFUlNQQU5fS0lORF9DTElFTlRTUEFOX0tJTkRfQ0xJRU5UU1BBTl9LSU5EX1NFUlZFUlNQQU5fS0lORF9DTElFTlRTUEFOX0tJTkRfQ0xJRU5UU1BBTl9LSU5EX1NFUlZFUlNQQU5fS0lORF9DTElFTlRTUEFOX0tJTkRfQ0xJRU5UU1BBTl9LSU5EX0NMSUVOVFNQQU5fS0lORF9VTlNQRUNJRklFRFNQQU5fS0lORF9DTElFTlRTUEFOX0tJTkRfQ0xJRU5UU1BBTl9LSU5EX0NMSUVOVFNQQU5fS0lORF9DTElFTlRTUEFOX0tJTkRfQ0xJRU5UU1BBTl9LSU5EX0NMSUVOVFNQQU5fS0lORF9DTElFTlRTUEFOX0tJTkRfU0VSVkVSU1BBTl9LSU5EX1NFUlZFUlNQQU5fS0lORF9DTElFTlRTUEFOX0tJTkRfQ0xJRU5UU1BBTl9LSU5EX0NMSUVOVFNQQU5fS0lORF9DTElFTlRTUEFOX0tJTkRfQ0xJRU5UU1BBTl9LSU5EX1NFUlZFUlNQQU5fS0lORF9DTElFTlRTUEFOX0tJTkRfQ0xJRU5UU1BBTl9LSU5EX1NFUlZFUlNQQU5fS0lORF9DTElFTlRTUEFOX0tJTkRfQ0xJRU5UU1BBTl9LSU5EX0NMSUVOVFNQQU5fS0lORF9DTElFTlRTUEFOX0tJTkRfQ0xJRU5UU1BBTl9LSU5EX1NFUlZFUlNQQU5fS0lORF9DTElFTlRTUEFOX0tJTkRfQ0xJRU5UU1BBTl9LSU5EX1VOU1BFQ0lGSUVEU1BBTl9LSU5EX0NMSUVOVAAAAAAAAAAAAAAJAAAAEgAAABsAAAApAAAAOAAAAEEAAABPAAAAWgAAAGMAAABxAAAAgAAAAIkAAACTAAAAngAAAKcAAAC1AAAAxAAAAM0AAADWAAAA5AAAAO0AAAD2AAAA/wAAAA0BAAAYAQAAIQEAAC8BAAA6AQAAQwEAAFEBAABbAQAAZAEAAHMBAAB+AQAAhwEAAJABAACfAQAAqAEAALEBAAC6AQAAwwEAANEBAADgAQAA6QEAAPIBAAABAgAACgIAABMCAAAhAgAAKgIAADMCAABBAgAASgIAAFMCAABcAgAAZwIAAHACAAB+AgAAjQIAAJYCAAChAgAAsAIAAAAAAAByZXF1ZXN0ZXJIVFRQIFBPU1RyZXF1ZXN0ZXJHRVQgLzplbmRwb2ludHBnLnF1ZXJ5OklOU0VSVHJlcXVlc3RlckdFVCAvOmVuZHBvaW50bG9nX3RvX2xva2lyZXF1ZXN0ZXJHRVQgLzplbmRwb2ludHBnLnF1ZXJ5OklOU0VSVHJlcXVlc3RlcmRucy5sb29rdXBsb2dfdG9fbG9raXJlcXVlc3RlckdFVCAvOmVuZHBvaW50cGcucXVlcnk6REVMRVRFcmVxdWVzdGVycmVxdWVzdGVyR0VUIC86ZW5kcG9pbnRyZXF1ZXN0ZXJyZXF1ZXN0ZXJyZXF1ZXN0ZXJHRVQgLzplbmRwb2ludGxvZ190b19sb2tpcmVxdWVzdGVyR0VUIC86ZW5kcG9pbnRsb2dfdG9fbG9raXJlcXVlc3RlckdFVCAvOmVuZHBvaW50ZG5zLmxvb2t1cHJlcXVlc3RlcnBnLnF1ZXJ5OklOU0VSVHRjcC5jb25uZWN0cmVxdWVzdGVySFRUUCBQT1NUcGcucXVlcnk6SU5TRVJUcmVxdWVzdGVycmVxdWVzdGVySFRUUCBQT1NUcmVxdWVzdGVyR0VUIC86ZW5kcG9pbnRQT1NUIC86ZW5kcG9pbnRyZXF1ZXN0ZXJyZXF1ZXN0ZXJwZy5xdWVyeTpTRUxFQ1RyZXF1ZXN0ZXJyZXF1ZXN0ZXJHRVQgLzplbmRwb2ludEhUVFAgUE9TVHJlcXVlc3RlckdFVCAvOmVuZHBvaW50cmVxdWVzdGVycmVxdWVzdGVySFRUUCBQT1NUbG9nX3RvX2xva2lyZXF1ZXN0ZXJHRVQgLzplbmRwb2ludHBnLnF1ZXJ5OlNFTEVDVHJlcXVlc3RlcnRjcC5jb25uZWN0cGcucXVlcnk6REVMRVRFAAAAAA4AAAAcAAAAKgAAADgAAABJAAAAVwAAAGUAAABzAAAAgQAAAI8AAACgAAAArgAAAL8AAADNAAAA2wAAAOkAAAD6AAAACAEAABYBAAAkAQAAMgEAAEABAABOAQAAXAEAAGoBAAB4AQAAhgEAAJQBAACiAQAAsAEAAMEBAADPAQAA4AEAAPEBAAD/AQAADQIAAB4CAAAsAgAAOgIAAEgCAABWAgAAZAIAAHICAACAAgAAjgIAAJ8CAACtAgAAuwIAAMkCAADXAgAA5QIAAPMCAAABAwAADwMAAB0DAAArAwAAOQMAAEcDAABYAwAAZgMAAHcDAACIAwAAAAAAAFNUQVRVU19DT0RFX09LU1RBVFVTX0NPREVfT0tTVEFUVVNfQ09ERV9PS1NUQVRVU19DT0RFX09LU1RBVFVTX0NPREVfRVJST1JTVEFUVVNfQ09ERV9PS1NUQVRVU19DT0RFX09LU1RBVFVTX0NPREVfT0tTVEFUVVNfQ09ERV9PS1NUQVRVU19DT0RFX09LU1RBVFVTX0NPREVfVU5TRVRTVEFUVVNfQ09ERV9PS1NUQVRVU19DT0RFX1VOU0VUU1RBVFVTX0NPREVfT0tTVEFUVVNfQ09ERV9PS1NUQVRVU19DT0RFX09LU1RBVFVTX0NPREVfVU5TRVRTVEFUVVNfQ09ERV9PS1NUQVRVU19DT0RFX09LU1RBVFVTX0NPREVfT0tTVEFUVVNfQ09ERV9PS1NUQVRVU19DT0RFX09LU1RBVFVTX0NPREVfT0tTVEFUVVNfQ09ERV9PS1NUQVRVU19DT0RFX09LU1RBVFVTX0NPREVfT0tTVEFUVVNfQ09ERV9PS1NUQVRVU19DT0RFX09LU1RBVFVTX0NPREVfT0tTVEFUVVNfQ09ERV9PS1NUQVRVU19DT0RFX1VOU0VUU1RBVFVTX0NPREVfT0tTVEFUVVNfQ09ERV9VTlNFVFNUQVRVU19DT0RFX1VOU0VUU1RBVFVTX0NPREVfT0tTVEFUVVNfQ09ERV9PS1NUQVRVU19DT0RFX1VOU0VUU1RBVFVTX0NPREVfT0tTVEFUVVNfQ09ERV9PS1NUQVRVU19DT0RFX09LU1RBVFVTX0NPREVfT0tTVEFUVVNfQ09ERV9PS1NUQVRVU19DT0RFX09LU1RBVFVTX0NPREVfT0tTVEFUVVNfQ09ERV9PS1NUQVRVU19DT0RFX1VOU0VUU1RBVFVTX0NPREVfT0tTVEFUVVNfQ09ERV9PS1NUQVRVU19DT0RFX09LU1RBVFVTX0NPREVfT0tTVEFUVVNfQ09ERV9PS1NUQVRVU19DT0RFX09LU1RBVFVTX0NPREVfT0tTVEFUVVNfQ09ERV9PS1NUQVRVU19DT0RFX09LU1RBVFVTX0NPREVfT0tTVEFUVVNfQ09ERV9PS1NUQVRVU19DT0RFX09LU1RBVFVTX0NPREVfVU5TRVRTVEFUVVNfQ09ERV9PS1NUQVRVU19DT0RFX1VOU0VUU1RBVFVTX0NPREVfVU5TRVQAAAAAIAAAAEAAAABgAAAAgAAAAKAAAADAAAAA4AAAAAABAAAgAQAAQAEAAGABAACAAQAAoAEAAMABAADfAQAA/wEAAB8CAAA/AgAAXwIAAH8CAACfAgAAvwIAAN8CAAD+AgAAHgMAAD4DAABeAwAAfgMAAJ4DAAC+AwAA3gMAAP4DAAAdBAAAPQQAAF0EAAB9BAAAnQQAAL0EAADdBAAA/AQAABwFAAA8BQAAXAUAAHwFAACcBQAAvAUAANwFAAD8BQAAHAYAADwGAABcBgAAfAYAAJwGAAC8BgAA3AYAAPwGAAAbBwAAOwcAAFsHAAB7BwAAmwcAALsHAAAAAAAANDZlMTVhZTQxODUyMTQ5MDY4YWViMjZjNjQ2NDNjMjk0NmUxNWFlNDE4NTIxNDkwNjhhZWIyNmM2NDY0M2MyOWQ2ZmYwMzJlODVlNmU1NzE5YTFmNmI5MjMwNDI3NjVmMWU1OGRjMjA4M2VjZWI0NTQ4NDZmOWFiMzQzYTc5ZmY5NDgwOWYzN2VjNmNjOTg0ZjJlYjJiMTRhOWY4MDM2ZWIxMjI4MGExMTkyNGQ5OGY3MDAxZjliMDM3NzljNmJjYjEyMjgwYTExOTI0ZDk4ZjcwMDFmOWIwMzc3OWM2YmM0M2NkNDkxNzE5MTQ2YWQ5YzcwNmQ3M2I0ODcwNTEyY2UwOGM3MzdiMmRjOTY5NTlhOGRkYTJjYjc2YzkxZGU3NjU0ZDU3ODk5MWJjYzUzYzdkZTg4OTEyYTg2NjA0ODg4ZGVjMmU3N2NhNjRmMWNjNjY1YWZjNDNiM2IxNjIzZjY4ZDk4YWFlOTQ3ODYzZjExYTc4NjNjZDkyNDIxMDM4NjEzODZkZTYzMzQyN2RiNmJiMmU1ZmQyMTY1MThiM2NlNWY3NjVmYWViNDAxYzMzNTM1NWUwYmI3OWUzM2I4M2ExN2Y5ZjYxMzg2ZjU3ZTdlZjg1YWNlZGMxMjBmODIzYjRlMzNhYmUxNmMxMTU0NDg3NTk5MjQxMzhjYzc3NWNjZmI2NTE3MWY5OTU3ODcxYzc5MmY5ZTdiYTRjYWYwMWM1ZDMyZTA2NzU3MzRhN2Q4NmM2MTQ2Y2ZlZjU0ZTE2MjExMGFjZTc4ODhkNGUxMTZhMGQ2MTgyZTNlZjg4MGVlODg1ZDZkMGZhMTk0OTk3ODY2NzUzMmQ3YjUwYjQwMzg1NWRmMDQ3ODk4NjJjNTViMjNjYTM3MjZmZDcwMGE0NTEyODA4N2YxOGZiNDEyYzI0Mzk0ZWQxMDgyNjQ0NjI2OTkyNTU3NzdiNzg0YjIwYzhlNDJiYjc4ODlmNjA3Y2EyZjIzNzgzZWUxYzM5MGU0NDZmMDJmN2EyN2NmNGZmNmE5OWFhNWZkNjBmNmZiY2YwZjgzODE2NGY4N2VhNzhiMzFhMzg1NjE1OGZiMjk2OTIwMTcwZjE1YjI2NjM3MmM3ZmYzMThhN2JiMTdiNmUzOGFhMGY0ZTk0Yzk1NWU4MWEyOGY2ZWU5YjQ2OGNkYWM3NTdiODI1YjE3NjIzOWVkNzlhYTM2YTRjNmI0YzUzYzdmNTRlNzdlNjQ4OWNhNTI3N2NiNTRlNDYxNDBhYTNhZTQ4OTEwOWUxZWJjODllZDc5YWEzNmE0YzZiNGM1M2M3ZjU0ZTc3ZTY0ODljMmQ2YmRlMzkyZTViNjljYjU1NTg4MjE5Y2U2MDVjYmM1ZWMwYmM3Y2M2NDRmNjU0YzA0MTkwYjFjYzE2ZDM5N2M0MjQ5MGJkNDM2MWE4M2JiOGVlODI3Yjg5Mzg3YWUxYjkwMjRmMmMyMDQyZDUyYjgyZDIyYzM2NTk3ZWMzZjFiOTAyNGYyYzIwNDJkNTJiODJkMjJjMzY1OTdlYzNmZGEwZDRlZjI2ZWY2NWI1ZDljNDQ2YTUxYjg2NjI4OTVjNjQyZDBkN2RmNTE2YmUwMzkwMDgwNDAyOTkxYjc5ZmEwNWQxNTE3YzYxZWEwYzRhYjc2YjM5YWI2NDVjOWI2YjFhMjhhNzJjYzJhNDk5MWIyY2VjNzkzNTMwZDYwNWVjN2RjOWRkNDA5NmQzNmViZjU2NDQyN2JmMzBhYmM4ZGE4MDViZmRhNTY4M2M4MGI5YTU1MzhjMTczNDYyMTcyZGM2OGI3NDZiYmQ2YzY5NThmMjVjM2RiYjFlYTExMGVmYTNjOGFhNzM4MGFlNzdlNzM0ZjZmNjU1ZDljNzgyMzgzNWY2MjliOTdhYzc4NjlkZTlhODM5YjFlMmJmMmEzMTJlNmVmOGY5ZDliNGZmYmI0NDcwZTc3MmY0MzY2MDFmMmU2YWRkMjU2NmQxMjBjODc2ZTVlNGY0NjAyNDMyMTM1OTg5YTViYjc4NWI5NGQzMzljYWY2NzI1OTA2MzRhNThhMzBhNWNhZWUwYTQ1MWU3YjFhZTI0YmMxZTMzZWQ0YzA5NmFhMjIyZTEwMTZiNjdkZTg4MWY4MDk3OGQ4NTM4NDU5MWQ5Y2Q1NzZkNzNmODZjYmUxODAzZDJhNDYzZWVmYmUzZDVmYjgwYTk2MzI1Njg4YTY5YzU1OTdlMzRmMTY2MDE2OGIyZGNmNWE0MDQ3NGQwOGE1ODdlOGRkYTMzNzRjYTQ1Y2QyNTZjYzViZGI2ZjQ4MmMwYTI4NTZiZDExZTA2NzY2ZDVhMDQ1ZDY5YjIwMWE5YzQ0MjI1ODYwZDA1MjMzYmM0Y2NiNzQ1MDU1ZWYxOWFmMzU5Njg2YTMwYzUwMjFmMjc0NzEwNjM2ZTg0ZWNhNjQzNDNiNDMyZGZlNmUzNTdmZmJiOThlNzE0ODEwNGUyZDY2MGE0NTRiNGUwMzc3YWM3YzEwMTI3OGI2ODEzNDg1MzU2MmFhMTFjMWQzZDMwMGYwN2IxZTVkNjg4ZTk2MDY5Zjc2YjgzYmY1ODZjYzYyODQyYzMxODcxMDZiYjQwYTY3OTNkYTExYTcyNzEzOGEzZGU3Y2EwMzA2ODczNDBiZDE5YjAAAAAAABAAAAAMABQAEgAMAAgABAAMAAAAEAAAACwAAAA4AAAAAAAEAAEAAADoBgAAAAAAAMADAAAAAAAAWDgAAAAAAAAAAAAAAAAAAAAACgAMAAAACAAEAAoAAAAIAAAAPAEAAAMAAABUAAAAKAAAAAQAAAC8+f//CAAAAAwAAAAAAAAAAAAAAAUAAAByZWZJZAAAANz5//8IAAAAFAAAAAgAAABleGVtcGxhcgAAAAAEAAAAbmFtZQAAAAAE+v//CAAAAMwAAADDAAAAeyJ0eXBlIjoidGltZXNlcmllcy1tYW55IiwiY3VzdG9tIjp7InJlc3VsdFR5cGUiOiJleGVtcGxhciJ9LCJleGVjdXRlZFF1ZXJ5U3RyaW5nIjoiRXhwcjogaGlzdG9ncmFtX3F1YW50aWxlKDAuOTksIHN1bShyYXRlKHRyYWNlc19zcGFubWV0cmljc19kdXJhdGlvbl9zZWNvbmRzX2J1Y2tldFsxNXNdKSkgYnkgKGxlKSlcblN0ZXA6IDE1cyJ9AAQAAABtZXRhAAAAAA4AAAD4BAAAiAQAACAEAADEAwAAYAMAAPwCAACYAgAARAIAAOgBAACMAQAAKAEAAMQAAABgAAAABAAAAFL7//8UAAAAPAAAADwAAAAAAAAFOAAAAAEAAAAEAAAAQPv//wgAAAAQAAAABwAAAHRyYWNlSUQABAAAAG5hbWUAAAAAAAAAAAz8//8HAAAAdHJhY2VJRACq+///FAAAAEAAAABAAAAAAAAABTwAAAABAAAABAAAAJj7//8IAAAAFAAAAAsAAABzcGFuX3N0YXR1cwAEAAAAbmFtZQAAAAAAAAAAaPz//wsAAABzcGFuX3N0YXR1cwAK/P//FAAAAEAAAABAAAAAAAAABTwAAAABAAAABAAAAPj7//8IAAAAFAAAAAkAAABzcGFuX25hbWUAAAAEAAAAbmFtZQAAAAAAAAAAyPz//wkAAABzcGFuX25hbWUAAABq/P//FAAAAEAAAABAAAAAAAAABTwAAAABAAAABAAAAFj8//8IAAAAFAAAAAkAAABzcGFuX2tpbmQAAAAEAAAAbmFtZQAAAAAAAAAAKP3//wkAAABzcGFuX2tpbmQAAADK/P//FAAAADwAAAA8AAAAAAAABTgAAAABAAAABAAAALj8//8IAAAAEAAAAAYAAABzb3VyY2UAAAQAAABuYW1lAAAAAAAAAACE/f//BgAAAHNvdXJjZQAAIv3//xQAAAA8AAAAPAAAAAAAAAU4AAAAAQAAAAQAAAAQ/f//CAAAABAAAAAHAAAAc2VydmljZQAEAAAAbmFtZQAAAAAAAAAA3P3//wcAAABzZXJ2aWNlAHr9//8UAAAAOAAAADgAAAAAAAAFNAAAAAEAAAAEAAAAaP3//wgAAAAMAAAAAgAAAGxlAAAEAAAAbmFtZQAAAAAAAAAAMP7//wIAAABsZQAAyv3//xQAAABAAAAAQAAAAAAAAAU8AAAAAQAAAAQAAAC4/f//CAAAABQAAAAIAAAAaW5zdGFuY2UAAAAABAAAAG5hbWUAAAAAAAAAAIj+//8IAAAAaW5zdGFuY2UAAAAAKv7//xQAAABAAAAAQAAAAAAAAAU8AAAAAQAAAAQAAAAY/v//CAAAABQAAAALAAAAaHR0cF90YXJnZXQABAAAAG5hbWUAAAAAAAAAAOj+//8LAAAAaHR0cF90YXJnZXQAiv7//xQAAABAAAAAQAAAAAAAAAU8AAAAAQAAAAQAAAB4/v//CAAAABQAAAALAAAAaHR0cF9tZXRob2QABAAAAG5hbWUAAAAAAAAAAEj///8LAAAAaHR0cF9tZXRob2QA6v7//xQAAAA8AAAAPAAAAAAAAAU4AAAAAQAAAAQAAADY/v//CAAAABAAAAAFAAAAZ3JvdXAAAAAEAAAAbmFtZQAAAAAAAAAApP///wUAAABncm91cAAAAEL///8UAAAAQAAAAEQAAAAAAAAFQAAAAAEAAAAEAAAAMP///wgAAAAUAAAACAAAAF9fbmFtZV9fAAAAAAQAAABuYW1lAAAAAAAAAAAEAAQABAAAAAgAAABfX25hbWVfXwAAAACm////FAAAADwAAAA8AAAAAAAAAzwAAAABAAAABAAAAJT///8IAAAAEAAAAAUAAABWYWx1ZQAAAAQAAABuYW1lAAAAAAAAAACK////AAACAAUAAABWYWx1ZQASABgAFAAAABMADAAAAAgABAASAAAAFAAAAEQAAABMAAAAAAAACkwAAAABAAAADAAAAAgADAAIAAQACAAAAAgAAAAQAAAABAAAAFRpbWUAAAAABAAAAG5hbWUAAAAAAAAAAAAABgAIAAYABgAAAAAAAwAEAAAAVGltZQAAAAAABwAAQVJST1cx
