{
  "frames": [
    {
      "schema": {
        "meta": {
          "custom": {
            "resultType": "exemplar"
          },
          "executedQueryString": "Expr: histogram_quantile(0.99, sum(rate(traces_spanmetrics_duration_seconds_bucket[15s])) by (le))\nStep: 15s"
        },
        "fields": [
          {
            "name": "Time",
            "type": "time",
            "typeInfo": {
              "frame": "time.Time"
            }
          },
          {
            "name": "Value",
            "type": "number",
            "typeInfo": {
              "frame": "float64"
            }
          },
          {
            "name": "__name__",
            "type": "string",
            "typeInfo": {
              "frame": "string"
            }
          },
          {
            "name": "group",
            "type": "string",
            "typeInfo": {
              "frame": "string"
            }
          },
          {
            "name": "http_method",
            "type": "string",
            "typeInfo": {
              "frame": "string"
            }
          },
          {
            "name": "http_target",
            "type": "string",
            "typeInfo": {
              "frame": "string"
            }
          },
          {
            "name": "instance",
            "type": "string",
            "typeInfo": {
              "frame": "string"
            }
          },
          {
            "name": "le",
            "type": "string",
            "typeInfo": {
              "frame": "string"
            }
          },
          {
            "name": "service",
            "type": "string",
            "typeInfo": {
              "frame": "string"
            }
          },
          {
            "name": "source",
            "type": "string",
            "typeInfo": {
              "frame": "string"
            }
          },
          {
            "name": "span_kind",
            "type": "string",
            "typeInfo": {
              "frame": "string"
            }
          },
          {
            "name": "span_name",
            "type": "string",
            "typeInfo": {
              "frame": "string"
            }
          },
          {
            "name": "span_status",
            "type": "string",
            "typeInfo": {
              "frame": "string"
            }
          },
          {
            "name": "traceID",
            "type": "string",
            "typeInfo": {
              "frame": "string"
            }
          }
        ]
      },
      "data": {
        "values": [
          [
            1654086511809,
            1654086526809,
            1654086541809,
            1654086556809,
            1654086571809,
            1654086586809,
            1654086601809,
            1654086616810,
            1654086641809,
            1654086651809,
            1654086661809,
            1654086676809,
            1654086691809,
            1654086711809,
            1654086721809,
            1654086736809,
            1654086756809,
            1654086766809,
            1654086781809,
            1654086796809
          ],
          [
            0.003384,
            0.003871,
            0.001117,
            0.003616,
            0.00361,
            0.003433,
            0.002931,
            0.003121,
            0.00291,
            0.003632,
            0.003468,
            0.003746,
            0.003488,
            0.003516,
            0.003757,
            0.003057,
            0.003436,
            0.003585,
            0.003503,
            0.003511
          ],
          [
            "traces_spanmetrics_duration_seconds_bucket",
            "traces_spanmetrics_duration_seconds_bucket",
            "traces_spanmetrics_duration_seconds_bucket",
            "traces_spanmetrics_duration_seconds_bucket",
            "traces_spanmetrics_duration_seconds_bucket",
            "traces_spanmetrics_duration_seconds_bucket",
            "traces_spanmetrics_duration_seconds_bucket",
            "traces_spanmetrics_duration_seconds_bucket",
            "traces_spanmetrics_duration_seconds_bucket",
            "traces_spanmetrics_duration_seconds_bucket",
            "traces_spanmetrics_duration_seconds_bucket",
            "traces_spanmetrics_duration_seconds_bucket",
            "traces_spanmetrics_duration_seconds_bucket",
            "traces_spanmetrics_duration_seconds_bucket",
            "traces_spanmetrics_duration_seconds_bucket",
            "traces_spanmetrics_duration_seconds_bucket",
            "traces_spanmetrics_duration_seconds_bucket",
            "traces_spanmetrics_duration_seconds_bucket",
            "traces_spanmetrics_duration_seconds_bucket",
            "traces_spanmetrics_duration_seconds_bucket"
          ],
          [
            "mythical",
            "mythical",
            "mythical",
            "mythical",
            "mythical",
            "mythical",
            "mythical",
            "mythical",
            "mythical",
            "mythical",
            "mythical",
            "mythical",
            "mythical",
            "mythical",
            "mythical",
            "mythical",
            "mythical",
            "mythical",
            "mythical",
            "mythical"
          ],
          [
            "DELETE",
            "DELETE",
            "DELETE",
            "DELETE",
            "DELETE",
            "DELETE",
            "DELETE",
            "DELETE",
            "DELETE",
            "DELETE",
            "DELETE",
            "DELETE",
            "DELETE",
            "DELETE",
            "DELETE",
            "DELETE",
            "DELETE",
            "DELETE",
            "DELETE",
            "DELETE"
          ],
          [
            "/beholder",
            "/beholder",
            "/beholder",
            "/beholder",
            "/beholder",
            "/beholder",
            "/beholder",
            "/beholder",
            "/beholder",
            "/beholder",
            "/beholder",
            "/beholder",
            "/beholder",
            "/beholder",
            "/beholder",
            "/beholder",
            "/beholder",
            "/beholder",
            "/beholder",
            "/beholder"
          ],
          [
            "f1c32fe505c3",
            "f1c32fe505c3",
            "f1c32fe505c3",
            "f1c32fe505c3",
            "f1c32fe505c3",
            "f1c32fe505c3",
            "f1c32fe505c3",
            "f1c32fe505c3",
            "f1c32fe505c3",
            "f1c32fe505c3",
            "f1c32fe505c3",
            "f1c32fe505c3",
            "f1c32fe505c3",
            "f1c32fe505c3",
            "f1c32fe505c3",
            "f1c32fe505c3",
            "f1c32fe505c3",
            "f1c32fe505c3",
            "f1c32fe505c3",
            "f1c32fe505c3"
          ],
          [
            "0.004",
            "0.004",
            "0.002",
            "0.004",
            "0.004",
            "0.004",
            "0.004",
            "0.004",
            "0.004",
            "0.004",
            "0.004",
            "0.004",
            "0.004",
            "0.004",
            "0.004",
            "0.004",
            "0.004",
            "0.004",
            "0.004",
            "0.004"
          ],
          [
            "mythical-server",
            "mythical-server",
            "mythical-server",
            "mythical-server",
            "mythical-server",
            "mythical-server",
            "mythical-server",
            "mythical-server",
            "mythical-server",
            "mythical-server",
            "mythical-server",
            "mythical-server",
            "mythical-server",
            "mythical-server",
            "mythical-server",
            "mythical-server",
            "mythical-server",
            "mythical-server",
            "mythical-server",
            "mythical-server"
          ],
          [
            "tempo",
            "tempo",
            "tempo",
            "tempo",
            "tempo",
            "tempo",
            "tempo",
            "tempo",
            "tempo",
            "tempo",
            "tempo",
            "tempo",
            "tempo",
            "tempo",
            "tempo",
            "tempo",
            "tempo",
            "tempo",
            "tempo",
            "tempo"
          ],
          [
            "SPAN_KIND_SERVER",
            "SPAN_KIND_SERVER",
            "SPAN_KIND_SERVER",
            "SPAN_KIND_SERVER",
            "SPAN_KIND_SERVER",
            "SPAN_KIND_SERVER",
            "SPAN_KIND_SERVER",
            "SPAN_KIND_SERVER",
            "SPAN_KIND_SERVER",
            "SPAN_KIND_SERVER",
            "SPAN_KIND_SERVER",
            "SPAN_KIND_SERVER",
            "SPAN_KIND_SERVER",
            "SPAN_KIND_SERVER",
            "SPAN_KIND_SERVER",
            "SPAN_KIND_SERVER",
            "SPAN_KIND_SERVER",
            "SPAN_KIND_SERVER",
            "SPAN_KIND_SERVER",
            "SPAN_KIND_SERVER"
          ],
          [
            "DELETE /:endpoint",
            "DELETE /:endpoint",
            "DELETE /:endpoint",
            "DELETE /:endpoint",
            "DELETE /:endpoint",
            "DELETE /:endpoint",
            "DELETE /:endpoint",
            "DELETE /:endpoint",
            "DELETE /:endpoint",
            "DELETE /:endpoint",
            "DELETE /:endpoint",
            "DELETE /:endpoint",
            "DELETE /:endpoint",
            "DELETE /:endpoint",
            "DELETE /:endpoint",
            "DELETE /:endpoint",
            "DELETE /:endpoint",
            "DELETE /:endpoint",
            "DELETE /:endpoint",
            "DELETE /:endpoint"
          ],
          [
            "STATUS_CODE_OK",
            "STATUS_CODE_OK",
            "STATUS_CODE_OK",
            "STATUS_CODE_OK",
            "STATUS_CODE_OK",
            "STATUS_CODE_OK",
            "STATUS_CODE_OK",
            "STATUS_CODE_OK",
            "STATUS_CODE_OK",
            "STATUS_CODE_OK",
            "STATUS_CODE_OK",
            "STATUS_CODE_OK",
            "STATUS_CODE_OK",
            "STATUS_CODE_OK",
            "STATUS_CODE_OK",
            "STATUS_CODE_OK",
            "STATUS_CODE_OK",
            "STATUS_CODE_OK",
            "STATUS_CODE_OK",
            "STATUS_CODE_OK"
          ],
          [
            "b1cdb01cf2a4954dafa0c3dcfa8ffb4",
            "972225ecd56678b81002d6a4b7dc28e5",
            "7b46b8c92ab746e7b0d245c28b960423",
            "3e53ae01ffa5e714c1441a01ee0ca3a1",
            "b7f055cb16bf6a51d4b620eb6211d740",
            "aa713f5bf18c11ccebba77607f25c6ca",
            "17c9c42d54dd00c0356378ec2fea289c",
            "79d13cce7dbe2e304c97d8919000d5ac",
            "3ab3488f008fd443d0ab07d553f45307",
            "ff5cab0a24667346650e6f7c06ba6a8f",
            "927113dfd74a9606201326ca9aa486db",
            "b4e30d76f431f66ad17425237b45d6bc",
            "b43e6d5d2168f5b2b8c83e5b815fd031",
            "7cbdf765cb0f23d5405799ef4509499c",
            "504006fe38fc6bdbfb82892678610f76",
            "828bc69a5885e2465320d91277661cf9",
            "f3be4d4c34103e61a7b8f4c0e7810ce8",
            "af8758081ddb816cc164f6e68c8f44a0",
            "e586873121358c88a828fad952222db6",
            "9d180652179d7c10214479577dd3fe96"
          ]
        ]
      }
    }
  ]
}