ðŸŒŸ This was machine generated.  Do not edit. ðŸŒŸ

Frame[0] {
    "custom": {
        "resultType": "exemplar"
    },
    "executedQueryString": "Expr: histogram_quantile(0.99, sum(rate(traces_spanmetrics_duration_seconds_bucket[15s])) by (le))\nStep: 15s"
}
Name: exemplar
Dimensions: 14 Fields by 20 Rows
+-----------------------------------+-----------------+--------------------------------------------+----------------+-------------------+-------------------+----------------+----------------+-----------------+----------------+------------------+-------------------+-------------------+----------------------------------+
| Name: Time                        | Name: Value     | Name: __name__                             | Name: group    | Name: http_method | Name: http_target | Name: instance | Name: le       | Name: service   | Name: source   | Name: span_kind  | Name: span_name   | Name: span_status | Name: traceID                    |
| Labels:                           | Labels:         | Labels:                                    | Labels:        | Labels:           | Labels:           | Labels:        | Labels:        | Labels:         | Labels:        | Labels:          | Labels:           | Labels:           | Labels:                          |
| Type: []time.Time                 | Type: []float64 | Type: []string                             | Type: []string | Type: []string    | Type: []string    | Type: []string | Type: []string | Type: []string  | Type: []string | Type: []string   | Type: []string    | Type: []string    | Type: []string                   |
+-----------------------------------+-----------------+--------------------------------------------+----------------+-------------------+-------------------+----------------+----------------+-----------------+----------------+------------------+-------------------+-------------------+----------------------------------+
| 2022-06-01 12:28:31.809 +0000 UTC | 0.003384        | traces_spanmetrics_duration_seconds_bucket | mythical       | DELETE            | /beholder         | f1c32fe505c3   | 0.004          | mythical-server | tempo          | SPAN_KIND_SERVER | DELETE /:endpoint | STATUS_CODE_OK    | b1cdb01cf2a4954dafa0c3dcfa8ffb4  |
| 2022-06-01 12:28:46.809 +0000 UTC | 0.003871        | traces_spanmetrics_duration_seconds_bucket | mythical       | DELETE            | /beholder         | f1c32fe505c3   | 0.004          | mythical-server | tempo          | SPAN_KIND_SERVER | DELETE /:endpoint | STATUS_CODE_OK    | 972225ecd56678b81002d6a4b7dc28e5 |
| 2022-06-01 12:29:01.809 +0000 UTC | 0.001117        | traces_spanmetrics_duration_seconds_bucket | mythical       | DELETE            | /beholder         | f1c32fe505c3   | 0.002          | mythical-server | tempo          | SPAN_KIND_SERVER | DELETE /:endpoint | STATUS_CODE_OK    | 7b46b8c92ab746e7b0d245c28b960423 |
| 2022-06-01 12:29:16.809 +0000 UTC | 0.003616        | traces_spanmetrics_duration_seconds_bucket | mythical       | DELETE            | /beholder         | f1c32fe505c3   | 0.004          | mythical-server | tempo          | SPAN_KIND_SERVER | DELETE /:endpoint | STATUS_CODE_OK    | 3e53ae01ffa5e714c1441a01ee0ca3a1 |
| 2022-06-01 12:29:31.809 +0000 UTC | 0.00361         | traces_spanmetrics_duration_seconds_bucket | mythical       | DELETE            | /beholder         | f1c32fe505c3   | 0.004          | mythical-server | tempo          | SPAN_KIND_SERVER | DELETE /:endpoint | STATUS_CODE_OK    | b7f055cb16bf6a51d4b620eb6211d740 |
| 2022-06-01 12:29:46.809 +0000 UTC | 0.003433        | traces_spanmetrics_duration_seconds_bucket | mythical       | DELETE            | /beholder         | f1c32fe505c3   | 0.004          | mythical-server | tempo          | SPAN_KIND_SERVER | DELETE /:endpoint | STATUS_CODE_OK    | aa713f5bf18c11ccebba77607f25c6ca |
| 2022-06-01 12:30:01.809 +0000 UTC | 0.002931        | traces_spanmetrics_duration_seconds_bucket | mythical       | DELETE            | /beholder         | f1c32fe505c3   | 0.004          | mythical-server | tempo          | SPAN_KIND_SERVER | DELETE /:endpoint | STATUS_CODE_OK    | 17c9c42d54dd00c0356378ec2fea289c |
| 2022-06-01 12:30:16.81 +0000 UTC  | 0.003121        | traces_spanmetrics_duration_seconds_bucket | mythical       | DELETE            | /beholder         | f1c32fe505c3   | 0.004          | mythical-server | tempo          | SPAN_KIND_SERVER | DELETE /:endpoint | STATUS_CODE_OK    | 79d13cce7dbe2e304c97d8919000d5ac |
| 2022-06-01 12:30:41.809 +0000 UTC | 0.00291         | traces_spanmetrics_duration_seconds_bucket | mythical       | DELETE            | /beholder         | f1c32fe505c3   | 0.004          | mythical-server | tempo          | SPAN_KIND_SERVER | DELETE /:endpoint | STATUS_CODE_OK    | 3ab3488f008fd443d0ab07d553f45307 |
| ...                               | ...             | ...                                        | ...            | ...               | ...               | ...            | ...            | ...             | ...            | ...              | ...               | ...               | ...                              |
+-----------------------------------+-----------------+--------------------------------------------+----------------+-------------------+-------------------+----------------+----------------+-----------------+----------------+------------------+-------------------+-------------------+----------------------------------+


====== TEST DATA RESPONSE (arrow base64) ======
FRAME=QVJST1cxAAD/////wAYAABAAAAAAAAoADgAMAAsABAAKAAAAFAAAAAAAAAEEAAoADAAAAAgABAAKAAAACAAAACQBAAADAAAAVAAAACgAAAAEAAAA1Pn//wgAAAAMAAAAAAAAAAAAAAAFAAAAcmVmSWQAAAD0+f//CAAAABQAAAAIAAAAZXhlbXBsYXIAAAAABAAAAG5hbWUAAAAAHPr//wgAAAC0AAAAqgAAAHsiY3VzdG9tIjp7InJlc3VsdFR5cGUiOiJleGVtcGxhciJ9LCJleGVjdXRlZFF1ZXJ5U3RyaW5nIjoiRXhwcjogaGlzdG9ncmFtX3F1YW50aWxlKDAuOTksIHN1bShyYXRlKHRyYWNlc19zcGFubWV0cmljc19kdXJhdGlvbl9zZWNvbmRzX2J1Y2tldFsxNXNdKSkgYnkgKGxlKSlcblN0ZXA6IDE1cyJ9AAAEAAAAbWV0YQAAAAAOAAAA+AQAAIgEAAAgBAAAxAMAAGADAAD8AgAAmAIAAEQCAADoAQAAjAEAACgBAADEAAAAYAAAAAQAAABS+///FAAAADwAAAA8AAAAAAAABTgAAAABAAAABAAAAED7//8IAAAAEAAAAAcAAAB0cmFjZUlEAAQAAABuYW1lAAAAAAAAAAAM/P//BwAAAHRyYWNlSUQAqvv//xQAAABAAAAAQAAAAAAAAAU8AAAAAQAAAAQAAACY+///CAAAABQAAAALAAAAc3Bhbl9zdGF0dXMABAAAAG5hbWUAAAAAAAAAAGj8//8LAAAAc3Bhbl9zdGF0dXMACvz//xQAAABAAAAAQAAAAAAAAAU8AAAAAQAAAAQAAAD4+///CAAAABQAAAAJAAAAc3Bhbl9uYW1lAAAABAAAAG5hbWUAAAAAAAAAAMj8//8JAAAAc3Bhbl9uYW1lAAAAavz//xQAAABAAAAAQAAAAAAAAAU8AAAAAQAAAAQAAABY/P//CAAAABQAAAAJAAAAc3Bhbl9raW5kAAAABAAAAG5hbWUAAAAAAAAAACj9//8JAAAAc3Bhbl9raW5kAAAAyvz//xQAAAA8AAAAPAAAAAAAAAU4AAAAAQAAAAQAAAC4/P//CAAAABAAAAAGAAAAc291cmNlAAAEAAAAbmFtZQAAAAAAAAAAhP3//wYAAABzb3VyY2UAACL9//8UAAAAPAAAADwAAAAAAAAFOAAAAAEAAAAEAAAAEP3//wgAAAAQAAAABwAAAHNlcnZpY2UABAAAAG5hbWUAAAAAAAAAANz9//8HAAAAc2VydmljZQB6/f//FAAAADgAAAA4AAAAAAAABTQAAAABAAAABAAAAGj9//8IAAAADAAAAAIAAABsZQAABAAAAG5hbWUAAAAAAAAAADD+//8CAAAAbGUAAMr9//8UAAAAQAAAAEAAAAAAAAAFPAAAAAEAAAAEAAAAuP3//wgAAAAUAAAACAAAAGluc3RhbmNlAAAAAAQAAABuYW1lAAAAAAAAAACI/v//CAAAAGluc3RhbmNlAAAAACr+//8UAAAAQAAAAEAAAAAAAAAFPAAAAAEAAAAEAAAAGP7//wgAAAAUAAAACwAAAGh0dHBfdGFyZ2V0AAQAAABuYW1lAAAAAAAAAADo/v//CwAAAGh0dHBfdGFyZ2V0AIr+//8UAAAAQAAAAEAAAAAAAAAFPAAAAAEAAAAEAAAAeP7//wgAAAAUAAAACwAAAGh0dHBfbWV0aG9kAAQAAABuYW1lAAAAAAAAAABI////CwAAAGh0dHBfbWV0aG9kAOr+//8UAAAAPAAAADwAAAAAAAAFOAAAAAEAAAAEAAAA2P7//wgAAAAQAAAABQAAAGdyb3VwAAAABAAAAG5hbWUAAAAAAAAAAKT///8FAAAAZ3JvdXAAAABC////FAAAAEAAAABEAAAAAAAABUAAAAABAAAABAAAADD///8IAAAAFAAAAAgAAABfX25hbWVfXwAAAAAEAAAAbmFtZQAAAAAAAAAABAAEAAQAAAAIAAAAX19uYW1lX18AAAAApv///xQAAAA8AAAAPAAAAAAAAAM8AAAAAQAAAAQAAACU////CAAAABAAAAAFAAAAVmFsdWUAAAAEAAAAbmFtZQAAAAAAAAAAiv///wAAAgAFAAAAVmFsdWUAEgAYABQAAAATAAwAAAAIAAQAEgAAABQAAABEAAAATAAAAAAAAApMAAAAAQAAAAwAAAAIAAwACAAEAAgAAAAIAAAAEAAAAAQAAABUaW1lAAAAAAQAAABuYW1lAAAAAAAAAAAAAAYACAAGAAYAAAAAAAMABAAAAFRpbWUAAAAAAAAAAP////+4AwAAFAAAAAAAAAAMABYAFAATAAwABAAMAAAAmBMAAAAAAAAUAAAAAAAAAwQACgAYAAwACAAEAAoAAAAUAAAAmAIAABQAAAAAAAAAAAAAACgAAAAAAAAAAAAAAAAAAAAAAAAAAAAAAAAAAACgAAAAAAAAAKAAAAAAAAAAAAAAAAAAAACgAAAAAAAAAKAAAAAAAAAAQAEAAAAAAAAAAAAAAAAAAEABAAAAAAAAVAAAAAAAAACYAQAAAAAAAEgDAAAAAAAA4AQAAAAAAAAAAAAAAAAAAOAEAAAAAAAAVAAAAAAAAAA4BQAAAAAAAKAAAAAAAAAA2AUAAAAAAAAAAAAAAAAAANgFAAAAAAAAVAAAAAAAAAAwBgAAAAAAAHgAAAAAAAAAqAYAAAAAAAAAAAAAAAAAAKgGAAAAAAAAVAAAAAAAAAAABwAAAAAAALQAAAAAAAAAuAcAAAAAAAAAAAAAAAAAALgHAAAAAAAAVAAAAAAAAAAQCAAAAAAAAPAAAAAAAAAAAAkAAAAAAAAAAAAAAAAAAAAJAAAAAAAAVAAAAAAAAABYCQAAAAAAAGQAAAAAAAAAwAkAAAAAAAAAAAAAAAAAAMAJAAAAAAAAVAAAAAAAAAAYCgAAAAAAACwBAAAAAAAASAsAAAAAAAAAAAAAAAAAAEgLAAAAAAAAVAAAAAAAAACgCwAAAAAAAGQAAAAAAAAACAwAAAAAAAAAAAAAAAAAAAgMAAAAAAAAVAAAAAAAAABgDAAAAAAAAEABAAAAAAAAoA0AAAAAAAAAAAAAAAAAAKANAAAAAAAAVAAAAAAAAAD4DQAAAAAAAFQBAAAAAAAAUA8AAAAAAAAAAAAAAAAAAFAPAAAAAAAAVAAAAAAAAACoDwAAAAAAABgBAAAAAAAAwBAAAAAAAAAAAAAAAAAAAMAQAAAAAAAAVAAAAAAAAAAYEQAAAAAAAH8CAAAAAAAAAAAAAA4AAAAUAAAAAAAAAAAAAAAAAAAAFAAAAAAAAAAAAAAAAAAAABQAAAAAAAAAAAAAAAAAAAAUAAAAAAAAAAAAAAAAAAAAFAAAAAAAAAAAAAAAAAAAABQAAAAAAAAAAAAAAAAAAAAUAAAAAAAAAAAAAAAAAAAAFAAAAAAAAAAAAAAAAAAAABQAAAAAAAAAAAAAAAAAAAAUAAAAAAAAAAAAAAAAAAAAFAAAAAAAAAAAAAAAAAAAABQAAAAAAAAAAAAAAAAAAAAUAAAAAAAAAAAAAAAAAAAAFAAAAAAAAAAAAAAAAAAAAEDyIzTrfvQWQMg1su5+9BZAnkcw8n70FkB0Wa71fvQWQEprLPl+9BZAIH2q/H70FkD2jigAf/QWgA6wpgN/9BZAhr54CX/0FkBqyswLf/QWQE7WIA5/9BZAJOieEX/0FkD6+RwVf/QWQMIRxRl/9BZAph0ZHH/0FkB8L5cff/QWQERHPyR/9BZAKFOTJn/0FkD+ZBEqf/QWQNR2jy1/9BaEm4wqw7hrP2He40wTtm8/YHMOnglNUj9tN8E3TZ9tP/uuCP63km0/0/VE14UfbD/ZXaCkwAJoP6M+yR02kWk/SYCaWrbWZz9IowIn28BtP8MRpFLsaGw/wsO0b+6vbj+V2LW93ZJsP1RVaCCWzWw/6L0xBADHbj82j8Ng/gppPww6IXTQJWw/dXYyOEpebT+yLQPOUrJsP5/jo8UZw2w/AAAAACoAAABUAAAAfgAAAKgAAADSAAAA/AAAACYBAABQAQAAegEAAKQBAADOAQAA+AEAACICAABMAgAAdgIAAKACAADKAgAA9AIAAB4DAABIAwAAAAAAAHRyYWNlc19zcGFubWV0cmljc19kdXJhdGlvbl9zZWNvbmRzX2J1Y2tldHRyYWNlc19zcGFubWV0cmljc19kdXJhdGlvbl9zZWNvbmRzX2J1Y2tldHRyYWNlc19zcGFubWV0cmljc19kdXJhdGlvbl9zZWNvbmRzX2J1Y2tldHRyYWNlc19zcGFubWV0cmljc19kdXJhdGlvbl9zZWNvbmRzX2J1Y2tldHRyYWNlc19zcGFubWV0cmljc19kdXJhdGlvbl9zZWNvbmRzX2J1Y2tldHRyYWNlc19zcGFubWV0cmljc19kdXJhdGlvbl9zZWNvbmRzX2J1Y2tldHRyYWNlc19zcGFubWV0cmljc19kdXJhdGlvbl9zZWNvbmRzX2J1Y2tldHRyYWNlc19zcGFubWV0cmljc19kdXJhdGlvbl9zZWNvbmRzX2J1Y2tldHRyYWNlc19zcGFubWV0cmljc19kdXJhdGlvbl9zZWNvbmRzX2J1Y2tldHRyYWNlc19zcGFubWV0cmljc19kdXJhdGlvbl9zZWNvbmRzX2J1Y2tldHRyYWNlc19zcGFubWV0cmljc19kdXJhdGlvbl9zZWNvbmRzX2J1Y2tldHRyYWNlc19zcGFubWV0cmljc19kdXJhdGlvbl9zZWNvbmRzX2J1Y2tldHRyYWNlc19zcGFubWV0cmljc19kdXJhdGlvbl9zZWNvbmRzX2J1Y2tldHRyYWNlc19zcGFubWV0cmljc19kdXJhdGlvbl9zZWNvbmRzX2J1Y2tldHRyYWNlc19zcGFubWV0cmljc19kdXJhdGlvbl9zZWNvbmRzX2J1Y2tldHRyYWNlc19zcGFubWV0cmljc19kdXJhdGlvbl9zZWNvbmRzX2J1Y2tldHRyYWNlc19zcGFubWV0cmljc19kdXJhdGlvbl9zZWNvbmRzX2J1Y2tldHRyYWNlc19zcGFubWV0cmljc19kdXJhdGlvbl9zZWNvbmRzX2J1Y2tldHRyYWNlc19zcGFubWV0cmljc19kdXJhdGlvbl9zZWNvbmRzX2J1Y2tldHRyYWNlc19zcGFubWV0cmljc19kdXJhdGlvbl9zZWNvbmRzX2J1Y2tldAAAAAAIAAAAEAAAABgAAAAgAAAAKAAAADAAAAA4AAAAQAAAAEgAAABQAAAAWAAAAGAAAABoAAAAcAAAAHgAAACAAAAAiAAAAJAAAACYAAAAoAAAAAAAAABteXRoaWNhbG15dGhpY2FsbXl0aGljYWxteXRoaWNhbG15dGhpY2FsbXl0aGljYWxteXRoaWNhbG15dGhpY2FsbXl0aGljYWxteXRoaWNhbG15dGhpY2FsbXl0aGljYWxteXRoaWNhbG15dGhpY2FsbXl0aGljYWxteXRoaWNhbG15dGhpY2FsbXl0aGljYWxteXRoaWNhbG15dGhpY2FsAAAAAAYAAAAMAAAAEgAAABgAAAAeAAAAJAAAACoAAAAwAAAANgAAADwAAABCAAAASAAAAE4AAABUAAAAWgAAAGAAAABmAAAAbAAAAHIAAAB4AAAAAAAAAERFTEVURURFTEVURURFTEVURURFTEVURURFTEVURURFTEVURURFTEVURURFTEVURURFTEVURURFTEVURURFTEVURURFTEVURURFTEVURURFTEVURURFTEVURURFTEVURURFTEVURURFTEVURURFTEVURURFTEVURQAAAAAJAAAAEgAAABsAAAAkAAAALQAAADYAAAA/AAAASAAAAFEAAABaAAAAYwAAAGwAAAB1AAAAfgAAAIcAAACQAAAAmQAAAKIAAACrAAAAtAAAAAAAAAAvYmVob2xkZXIvYmVob2xkZXIvYmVob2xkZXIvYmVob2xkZXIvYmVob2xkZXIvYmVob2xkZXIvYmVob2xkZXIvYmVob2xkZXIvYmVob2xkZXIvYmVob2xkZXIvYmVob2xkZXIvYmVob2xkZXIvYmVob2xkZXIvYmVob2xkZXIvYmVob2xkZXIvYmVob2xkZXIvYmVob2xkZXIvYmVob2xkZXIvYmVob2xkZXIvYmVob2xkZXIAAAAAAAAAAAwAAAAYAAAAJAAAADAAAAA8AAAASAAAAFQAAABgAAAAbAAAAHgAAACEAAAAkAAAAJwAAACoAAAAtAAAAMAAAADMAAAA2AAAAOQAAADwAAAAAAAAAGYxYzMyZmU1MDVjM2YxYzMyZmU1MDVjM2YxYzMyZmU1MDVjM2YxYzMyZmU1MDVjM2YxYzMyZmU1MDVjM2YxYzMyZmU1MDVjM2YxYzMyZmU1MDVjM2YxYzMyZmU1MDVjM2YxYzMyZmU1MDVjM2YxYzMyZmU1MDVjM2YxYzMyZmU1MDVjM2YxYzMyZmU1MDVjM2YxYzMyZmU1MDVjM2YxYzMyZmU1MDVjM2YxYzMyZmU1MDVjM2YxYzMyZmU1MDVjM2YxYzMyZmU1MDVjM2YxYzMyZmU1MDVjM2YxYzMyZmU1MDVjM2YxYzMyZmU1MDVjMwAAAAAFAAAACgAAAA8AAAAUAAAAGQAAAB4AAAAjAAAAKAAAAC0AAAAyAAAANwAAADwAAABBAAAARgAAAEsAAABQAAAAVQAAAFoAAABfAAAAZAAAAAAAAAAwLjAwNDAuMDA0MC4wMDIwLjAwNDAuMDA0MC4wMDQwLjAwNDAuMDA0MC4wMDQwLjAwNDAuMDA0MC4wMDQwLjAwNDAuMDA0MC4wMDQwLjAwNDAuMDA0MC4wMDQwLjAwNDAuMDA0AAAAAAAAAAAPAAAAHgAAAC0AAAA8AAAASwAAAFoAAABpAAAAeAAAAIcAAACWAAAApQAAALQAAADDAAAA0gAAAOEAAADwAAAA/wAAAA4BAAAdAQAALAEAAAAAAABteXRoaWNhbC1zZXJ2ZXJteXRoaWNhbC1zZXJ2ZXJteXRoaWNhbC1zZXJ2ZXJteXRoaWNhbC1zZXJ2ZXJteXRoaWNhbC1zZXJ2ZXJteXRoaWNhbC1zZXJ2ZXJteXRoaWNhbC1zZXJ2ZXJteXRoaWNhbC1zZXJ2ZXJteXRoaWNhbC1zZXJ2ZXJteXRoaWNhbC1zZXJ2ZXJteXRoaWNhbC1zZXJ2ZXJteXRoaWNhbC1zZXJ2ZXJteXRoaWNhbC1zZXJ2ZXJteXRoaWNhbC1zZXJ2ZXJteXRoaWNhbC1zZXJ2ZXJteXRoaWNhbC1zZXJ2ZXJteXRoaWNhbC1zZXJ2ZXJteXRoaWNhbC1zZXJ2ZXJteXRoaWNhbC1zZXJ2ZXJteXRoaWNhbC1zZXJ2ZXIAAAAAAAAAAAUAAAAKAAAADwAAABQAAAAZAAAAHgAAACMAAAAoAAAALQAAADIAAAA3AAAAPAAAAEEAAABGAAAASwAAAFAAAABVAAAAWgAAAF8AAABkAAAAAAAAAHRlbXBvdGVtcG90ZW1wb3RlbXBvdGVtcG90ZW1wb3RlbXBvdGVtcG90ZW1wb3RlbXBvdGVtcG90ZW1wb3RlbXBvdGVtcG90ZW1wb3RlbXBvdGVtcG90ZW1wb3RlbXBvdGVtcG8AAAAAAAAAABAAAAAgAAAAMAAAAEAAAABQAAAAYAAAAHAAAACAAAAAkAAAAKAAAACwAAAAwAAAANAAAADgAAAA8AAAAAABAAAQAQAAIAEAADABAABAAQAAAAAAAFNQQU5fS0lORF9TRVJWRVJTUEFOX0tJTkRfU0VSVkVSU1BBTl9LSU5EX1NFUlZFUlNQQU5fS0lORF9TRVJWRVJTUEFOX0tJTkRfU0VSVkVSU1BBTl9LSU5EX1NFUlZFUlNQQU5fS0lORF9TRVJWRVJTUEFOX0tJTkRfU0VSVkVSU1BBTl9LSU5EX1NFUlZFUlNQQU5fS0lORF9TRVJWRVJTUEFOX0tJTkRfU0VSVkVSU1BBTl9LSU5EX1NFUlZFUlNQQU5fS0lORF9TRVJWRVJTUEFOX0tJTkRfU0VSVkVSU1BBTl9LSU5EX1NFUlZFUlNQQU5fS0lORF9TRVJWRVJTUEFOX0tJTkRfU0VSVkVSU1BBTl9LSU5EX1NFUlZFUlNQQU5fS0lORF9TRVJWRVJTUEFOX0tJTkRfU0VSVkVSAAAAABEAAAAiAAAAMwAAAEQAAABVAAAAZgAAAHcAAACIAAAAmQAAAKoAAAC7AAAAzAAAAN0AAADuAAAA/wAAABABAAAhAQAAMgEAAEMBAABUAQAAAAAAAERFTEVURSAvOmVuZHBvaW50REVMRVRFIC86ZW5kcG9pbnRERUxFVEUgLzplbmRwb2ludERFTEVURSAvOmVuZHBvaW50REVMRVRFIC86ZW5kcG9pbnRERUxFVEUgLzplbmRwb2ludERFTEVURSAvOmVuZHBvaW50REVMRVRFIC86ZW5kcG9pbnRERUxFVEUgLzplbmRwb2ludERFTEVURSAvOmVuZHBvaW50REVMRVRFIC86ZW5kcG9pbnRERUxFVEUgLzplbmRwb2ludERFTEVURSAvOmVuZHBvaW50REVMRVRFIC86ZW5kcG9pbnRERUxFVEUgLzplbmRwb2ludERFTEVURSAvOmVuZHBvaW50REVMRVRFIC86ZW5kcG9pbnRERUxFVEUgLzplbmRwb2ludERFTEVURSAvOmVuZHBvaW50REVMRVRFIC86ZW5kcG9pbnQAAAAAAAAAAA4AAAAcAAAAKgAAADgAAABGAAAAVAAAAGIAAABwAAAAfgAAAIwAAACaAAAAqAAAALYAAADEAAAA0gAAAOAAAADuAAAA/AAAAAoBAAAYAQAAAAAAAFNUQVRVU19DT0RFX09LU1RBVFVTX0NPREVfT0tTVEFUVVNfQ09ERV9PS1NUQVRVU19DT0RFX09LU1RBVFVTX0NPREVfT0tTVEFUVVNfQ09ERV9PS1NUQVRVU19DT0RFX09LU1RBVFVTX0NPREVfT0tTVEFUVVNfQ09ERV9PS1NUQVRVU19DT0RFX09LU1RBVFVTX0NPREVfT0tTVEFUVVNfQ09ERV9PS1NUQVRVU19DT0RFX09LU1RBVFVTX0NPREVfT0tTVEFUVVNfQ09ERV9PS1NUQVRVU19DT0RFX09LU1RBVFVTX0NPREVfT0tTVEFUVVNfQ09ERV9PS1NUQVRVU19DT0RFX09LU1RBVFVTX0NPREVfT0sAAAAAHwAAAD8AAABfAAAAfwAAAJ8AAAC/AAAA3wAAAP8AAAAfAQAAPwEAAF8BAAB/AQAAnwEAAL8BAADfAQAA/wEAAB8CAAA/AgAAXwIAAH8CAAAAAAAAYjFjZGIwMWNmMmE0OTU0ZGFmYTBjM2RjZmE4ZmZiNDk3MjIyNWVjZDU2Njc4YjgxMDAyZDZhNGI3ZGMyOGU1N2I0NmI4YzkyYWI3NDZlN2IwZDI0NWMyOGI5NjA0MjMzZTUzYWUwMWZmYTVlNzE0YzE0NDFhMDFlZTBjYTNhMWI3ZjA1NWNiMTZiZjZhNTFkNGI2MjBlYjYyMTFkNzQwYWE3MTNmNWJmMThjMTFjY2ViYmE3NzYwN2YyNWM2Y2ExN2M5YzQyZDU0ZGQwMGMwMzU2Mzc4ZWMyZmVhMjg5Yzc5ZDEzY2NlN2RiZTJlMzA0Yzk3ZDg5MTkwMDBkNWFjM2FiMzQ4OGYwMDhmZDQ0M2QwYWIwN2Q1NTNmNDUzMDdmZjVjYWIwYTI0NjY3MzQ2NjUwZTZmN2MwNmJhNmE4ZjkyNzExM2RmZDc0YTk2MDYyMDEzMjZjYTlhYTQ4NmRiYjRlMzBkNzZmNDMxZjY2YWQxNzQyNTIzN2I0NWQ2YmNiNDNlNmQ1ZDIxNjhmNWIyYjhjODNlNWI4MTVmZDAzMTdjYmRmNzY1Y2IwZjIzZDU0MDU3OTllZjQ1MDk0OTljNTA0MDA2ZmUzOGZjNmJkYmZiODI4OTI2Nzg2MTBmNzY4MjhiYzY5YTU4ODVlMjQ2NTMyMGQ5MTI3NzY2MWNmOWYzYmU0ZDRjMzQxMDNlNjFhN2I4ZjRjMGU3ODEwY2U4YWY4NzU4MDgxZGRiODE2Y2MxNjRmNmU2OGM4ZjQ0YTBlNTg2ODczMTIxMzU4Yzg4YTgyOGZhZDk1MjIyMmRiNjlkMTgwNjUyMTc5ZDdjMTAyMTQ0Nzk1NzdkZDNmZTk2ABAAAAAMABQAEgAMAAgABAAMAAAAEAAAACwAAAA4AAAAAAAEAAEAAADQBgAAAAAAAMADAAAAAAAAmBMAAAAAAAAAAAAAAAAAAAAACgAMAAAACAAEAAoAAAAIAAAAJAEAAAMAAABUAAAAKAAAAAQAAADU+f//CAAAAAwAAAAAAAAAAAAAAAUAAAByZWZJZAAAAPT5//8IAAAAFAAAAAgAAABleGVtcGxhcgAAAAAEAAAAbmFtZQAAAAAc+v//CAAAALQAAACqAAAAeyJjdXN0b20iOnsicmVzdWx0VHlwZSI6ImV4ZW1wbGFyIn0sImV4ZWN1dGVkUXVlcnlTdHJpbmciOiJFeHByOiBoaXN0b2dyYW1fcXVhbnRpbGUoMC45OSwgc3VtKHJhdGUodHJhY2VzX3NwYW5tZXRyaWNzX2R1cmF0aW9uX3NlY29uZHNfYnVja2V0WzE1c10pKSBieSAobGUpKVxuU3RlcDogMTVzIn0AAAQAAABtZXRhAAAAAA4AAAD4BAAAiAQAACAEAADEAwAAYAMAAPwCAACYAgAARAIAAOgBAACMAQAAKAEAAMQAAABgAAAABAAAAFL7//8UAAAAPAAAADwAAAAAAAAFOAAAAAEAAAAEAAAAQPv//wgAAAAQAAAABwAAAHRyYWNlSUQABAAAAG5hbWUAAAAAAAAAAAz8//8HAAAAdHJhY2VJRACq+///FAAAAEAAAABAAAAAAAAABTwAAAABAAAABAAAAJj7//8IAAAAFAAAAAsAAABzcGFuX3N0YXR1cwAEAAAAbmFtZQAAAAAAAAAAaPz//wsAAABzcGFuX3N0YXR1cwAK/P//FAAAAEAAAABAAAAAAAAABTwAAAABAAAABAAAAPj7//8IAAAAFAAAAAkAAABzcGFuX25hbWUAAAAEAAAAbmFtZQAAAAAAAAAAyPz//wkAAABzcGFuX25hbWUAAABq/P//FAAAAEAAAABAAAAAAAAABTwAAAABAAAABAAAAFj8//8IAAAAFAAAAAkAAABzcGFuX2tpbmQAAAAEAAAAbmFtZQAAAAAAAAAAKP3//wkAAABzcGFuX2tpbmQAAADK/P//FAAAADwAAAA8AAAAAAAABTgAAAABAAAABAAAALj8//8IAAAAEAAAAAYAAABzb3VyY2UAAAQAAABuYW1lAAAAAAAAAACE/f//BgAAAHNvdXJjZQAAIv3//xQAAAA8AAAAPAAAAAAAAAU4AAAAAQAAAAQAAAAQ/f//CAAAABAAAAAHAAAAc2VydmljZQAEAAAAbmFtZQAAAAAAAAAA3P3//wcAAABzZXJ2aWNlAHr9//8UAAAAOAAAADgAAAAAAAAFNAAAAAEAAAAEAAAAaP3//wgAAAAMAAAAAgAAAGxlAAAEAAAAbmFtZQAAAAAAAAAAMP7//wIAAABsZQAAyv3//xQAAABAAAAAQAAAAAAAAAU8AAAAAQAAAAQAAAC4/f//CAAAABQAAAAIAAAAaW5zdGFuY2UAAAAABAAAAG5hbWUAAAAAAAAAAIj+//8IAAAAaW5zdGFuY2UAAAAAKv7//xQAAABAAAAAQAAAAAAAAAU8AAAAAQAAAAQAAAAY/v//CAAAABQAAAALAAAAaHR0cF90YXJnZXQABAAAAG5hbWUAAAAAAAAAAOj+//8LAAAAaHR0cF90YXJnZXQAiv7//xQAAABAAAAAQAAAAAAAAAU8AAAAAQAAAAQAAAB4/v//CAAAABQAAAALAAAAaHR0cF9tZXRob2QABAAAAG5hbWUAAAAAAAAAAEj///8LAAAAaHR0cF9tZXRob2QA6v7//xQAAAA8AAAAPAAAAAAAAAU4AAAAAQAAAAQAAADY/v//CAAAABAAAAAFAAAAZ3JvdXAAAAAEAAAAbmFtZQAAAAAAAAAApP///wUAAABncm91cAAAAEL///8UAAAAQAAAAEQAAAAAAAAFQAAAAAEAAAAEAAAAMP///wgAAAAUAAAACAAAAF9fbmFtZV9fAAAAAAQAAABuYW1lAAAAAAAAAAAEAAQABAAAAAgAAABfX25hbWVfXwAAAACm////FAAAADwAAAA8AAAAAAAAAzwAAAABAAAABAAAAJT///8IAAAAEAAAAAUAAABWYWx1ZQAAAAQAAABuYW1lAAAAAAAAAACK////AAACAAUAAABWYWx1ZQASABgAFAAAABMADAAAAAgABAASAAAAFAAAAEQAAABMAAAAAAAACkwAAAABAAAADAAAAAgADAAIAAQACAAAAAgAAAAQAAAABAAAAFRpbWUAAAAABAAAAG5hbWUAAAAAAAAAAAAABgAIAAYABgAAAAAAAwAEAAAAVGltZQAAAADoBgAAQVJST1cx
