ðŸŒŸ This was machine generated.  Do not edit. ðŸŒŸ

Frame[0] {
    "type": "timeseries-wide",
    "custom": {
        "resultType": "matrix"
    },
    "executedQueryString": "Expr: \nStep: 1s"
}
Name: 
Dimensions: 2 Fields by 3 Rows
+-------------------------------+-----------------------------------------------------+
| Name: Time                    | Name: Value                                         |
| Labels:                       | Labels: handler=/api/v1/query_range, job=prometheus |
| Type: []time.Time             | Type: []*float64                                    |
+-------------------------------+-----------------------------------------------------+
| 2022-01-11 08:25:30 +0000 UTC | NaN                                                 |
| 2022-01-11 08:25:31 +0000 UTC | NaN                                                 |
| 2022-01-11 08:25:32 +0000 UTC | NaN                                                 |
+-------------------------------+-----------------------------------------------------+


====== TEST DATA RESPONSE (arrow base64) ======
FRAME=QVJST1cxAAD/////kAIAABAAAAAAAAoADgAMAAsABAAKAAAAFAAAAAAAAAEEAAoADAAAAAgABAAKAAAACAAAANgAAAADAAAATAAAACgAAAAEAAAAEP7//wgAAAAMAAAAAAAAAAAAAAAFAAAAcmVmSWQAAAAw/v//CAAAAAwAAAAAAAAAAAAAAAQAAABuYW1lAAAAAFD+//8IAAAAcAAAAGQAAAB7InR5cGUiOiJ0aW1lc2VyaWVzLXdpZGUiLCJjdXN0b20iOnsicmVzdWx0VHlwZSI6Im1hdHJpeCJ9LCJleGVjdXRlZFF1ZXJ5U3RyaW5nIjoiRXhwcjogXG5TdGVwOiAxcyJ9AAAAAAQAAABtZXRhAAAAAAIAAADgAAAAGAAAAAAAEgAYABQAEwASAAwAAAAIAAQAEgAAABQAAACUAAAAlAAAAAAAAwGUAAAAAgAAACwAAAAEAAAAGP///wgAAAAQAAAABQAAAFZhbHVlAAAABAAAAG5hbWUAAAAAPP///wgAAABAAAAANAAAAHsiaGFuZGxlciI6Ii9hcGkvdjEvcXVlcnlfcmFuZ2UiLCJqb2IiOiJwcm9tZXRoZXVzIn0AAAAABgAAAGxhYmVscwAAAAAAAFb///8AAAIABQAAAFZhbHVlABIAGAAUAAAAEwAMAAAACAAEABIAAAAUAAAAeAAAAIAAAAAAAAAKgAAAAAIAAAA0AAAABAAAANz///8IAAAAEAAAAAQAAABUaW1lAAAAAAQAAABuYW1lAAAAAAgADAAIAAQACAAAAAgAAAAcAAAAEQAAAHsiaW50ZXJ2YWwiOjEwMDB9AAAABgAAAGNvbmZpZwAAAAAAAAAABgAIAAYABgAAAAAAAwAEAAAAVGltZQAAAAAAAAAA/////7gAAAAUAAAAAAAAAAwAFgAUABMADAAEAAwAAAAwAAAAAAAAABQAAAAAAAADBAAKABgADAAIAAQACgAAABQAAABYAAAAAwAAAAAAAAAAAAAABAAAAAAAAAAAAAAAAAAAAAAAAAAAAAAAAAAAABgAAAAAAAAAGAAAAAAAAAAAAAAAAAAAABgAAAAAAAAAGAAAAAAAAAAAAAAAAgAAAAMAAAAAAAAAAAAAAAAAAAADAAAAAAAAAAAAAAAAAAAAAEQVFNQpyRYADrBP1CnJFgDYSovUKckWAQAAAAAA+H8BAAAAAAD4fwEAAAAAAPh/EAAAAAwAFAASAAwACAAEAAwAAAAQAAAALAAAADgAAAAAAAQAAQAAAKACAAAAAAAAwAAAAAAAAAAwAAAAAAAAAAAAAAAAAAAAAAAKAAwAAAAIAAQACgAAAAgAAADYAAAAAwAAAEwAAAAoAAAABAAAABD+//8IAAAADAAAAAAAAAAAAAAABQAAAHJlZklkAAAAMP7//wgAAAAMAAAAAAAAAAAAAAAEAAAAbmFtZQAAAABQ/v//CAAAAHAAAABkAAAAeyJ0eXBlIjoidGltZXNlcmllcy13aWRlIiwiY3VzdG9tIjp7InJlc3VsdFR5cGUiOiJtYXRyaXgifSwiZXhlY3V0ZWRRdWVyeVN0cmluZyI6IkV4cHI6IFxuU3RlcDogMXMifQAAAAAEAAAAbWV0YQAAAAACAAAA4AAAABgAAAAAABIAGAAUABMAEgAMAAAACAAEABIAAAAUAAAAlAAAAJQAAAAAAAMBlAAAAAIAAAAsAAAABAAAABj///8IAAAAEAAAAAUAAABWYWx1ZQAAAAQAAABuYW1lAAAAADz///8IAAAAQAAAADQAAAB7ImhhbmRsZXIiOiIvYXBpL3YxL3F1ZXJ5X3JhbmdlIiwiam9iIjoicHJvbWV0aGV1cyJ9AAAAAAYAAABsYWJlbHMAAAAAAABW////AAACAAUAAABWYWx1ZQASABgAFAAAABMADAAAAAgABAASAAAAFAAAAHgAAACAAAAAAAAACoAAAAACAAAANAAAAAQAAADc////CAAAABAAAAAEAAAAVGltZQAAAAAEAAAAbmFtZQAAAAAIAAwACAAEAAgAAAAIAAAAHAAAABEAAAB7ImludGVydmFsIjoxMDAwfQAAAAYAAABjb25maWcAAAAAAAAAAAYACAAGAAYAAAAAAAMABAAAAFRpbWUAAAAAuAIAAEFSUk9XMQ==
