ðŸŒŸ This was machine generated.  Do not edit. ðŸŒŸ

Frame[0] {
    "type": "timeseries-wide",
    "custom": {
        "resultType": "matrix"
    },
    "executedQueryString": "Expr: \nStep: 1s"
}
Name: 
Dimensions: 3 Fields by 4 Rows
+-----------------------------------+--------------------------------------------------------------------------------------------------------+--------------------------------------------------------------------------------------------------------+
| Name: Time                        | Name: Value                                                                                            | Name: Value                                                                                            |
| Labels:                           | Labels: __name__=prometheus_http_requests_total, code=200, handler=/api/v1/query_range, job=prometheus | Labels: __name__=prometheus_http_requests_total, code=400, handler=/api/v1/query_range, job=prometheus |
| Type: []time.Time                 | Type: []*float64                                                                                       | Type: []*float64                                                                                       |
+-----------------------------------+--------------------------------------------------------------------------------------------------------+--------------------------------------------------------------------------------------------------------+
| 2022-01-11 08:25:29.123 +0000 UTC | null                                                                                                   | 54                                                                                                     |
| 2022-01-11 08:25:30.123 +0000 UTC | 21                                                                                                     | null                                                                                                   |
| 2022-01-11 08:25:31.123 +0000 UTC | 32                                                                                                     | null                                                                                                   |
| 2022-01-11 08:25:32.123 +0000 UTC | 43                                                                                                     | 76                                                                                                     |
+-----------------------------------+--------------------------------------------------------------------------------------------------------+--------------------------------------------------------------------------------------------------------+


====== TEST DATA RESPONSE (arrow base64) ======
FRAME=QVJST1cxAAD/////sAMAABAAAAAAAAoADgAMAAsABAAKAAAAFAAAAAAAAAEEAAoADAAAAAgABAAKAAAACAAAANgAAAADAAAATAAAACgAAAAEAAAA7Pz//wgAAAAMAAAAAAAAAAAAAAAFAAAAcmVmSWQAAAAM/f//CAAAAAwAAAAAAAAAAAAAAAQAAABuYW1lAAAAACz9//8IAAAAcAAAAGQAAAB7InR5cGUiOiJ0aW1lc2VyaWVzLXdpZGUiLCJjdXN0b20iOnsicmVzdWx0VHlwZSI6Im1hdHJpeCJ9LCJleGVjdXRlZFF1ZXJ5U3RyaW5nIjoiRXhwcjogXG5TdGVwOiAxcyJ9AAAAAAQAAABtZXRhAAAAAAMAAAAEAgAABAEAAAQAAAAW////FAAAAMwAAADMAAAAAAADAcwAAAACAAAALAAAAAQAAADk/f//CAAAABAAAAAFAAAAVmFsdWUAAAAEAAAAbmFtZQAAAAAI/v//CAAAAHgAAABtAAAAeyJfX25hbWVfXyI6InByb21ldGhldXNfaHR0cF9yZXF1ZXN0c190b3RhbCIsImNvZGUiOiI0MDAiLCJoYW5kbGVyIjoiL2FwaS92MS9xdWVyeV9yYW5nZSIsImpvYiI6InByb21ldGhldXMifQAAAAYAAABsYWJlbHMAAAAAAABa/v//AAACAAUAAABWYWx1ZQASABgAFAATABIADAAAAAgABAASAAAAFAAAAMwAAADMAAAAAAADAcwAAAACAAAALAAAAAQAAADg/v//CAAAABAAAAAFAAAAVmFsdWUAAAAEAAAAbmFtZQAAAAAE////CAAAAHgAAABtAAAAeyJfX25hbWVfXyI6InByb21ldGhldXNfaHR0cF9yZXF1ZXN0c190b3RhbCIsImNvZGUiOiIyMDAiLCJoYW5kbGVyIjoiL2FwaS92MS9xdWVyeV9yYW5nZSIsImpvYiI6InByb21ldGhldXMifQAAAAYAAABsYWJlbHMAAAAAAABW////AAACAAUAAABWYWx1ZQASABgAFAAAABMADAAAAAgABAASAAAAFAAAAHgAAACAAAAAAAAACoAAAAACAAAANAAAAAQAAADc////CAAAABAAAAAEAAAAVGltZQAAAAAEAAAAbmFtZQAAAAAIAAwACAAEAAgAAAAIAAAAHAAAABEAAAB7ImludGVydmFsIjoxMDAwfQAAAAYAAABjb25maWcAAAAAAAAAAAYACAAGAAYAAAAAAAMABAAAAFRpbWUAAAAA/////+gAAAAUAAAAAAAAAAwAFgAUABMADAAEAAwAAABwAAAAAAAAABQAAAAAAAADBAAKABgADAAIAAQACgAAABQAAAB4AAAABAAAAAAAAAAAAAAABgAAAAAAAAAAAAAAAAAAAAAAAAAAAAAAAAAAACAAAAAAAAAAIAAAAAAAAAAEAAAAAAAAACgAAAAAAAAAIAAAAAAAAABIAAAAAAAAAAQAAAAAAAAAUAAAAAAAAAAgAAAAAAAAAAAAAAADAAAABAAAAAAAAAAAAAAAAAAAAAQAAAAAAAAAAQAAAAAAAAAEAAAAAAAAAAIAAAAAAAAAwE7P39MpyRbAGGob1CnJFsDiBFfUKckWwKyfktQpyRYOAAAAAAAAAAAAAAAAAAAAAAAAAAAANUAAAAAAAABAQAAAAAAAgEVACQAAAAAAAAAAAAAAAABLQAAAAAAAAAAAAAAAAAAAAAAAAAAAAABTQBAAAAAMABQAEgAMAAgABAAMAAAAEAAAACwAAAA8AAAAAAAEAAEAAADAAwAAAAAAAPAAAAAAAAAAcAAAAAAAAAAAAAAAAAAAAAAAAAAAAAoADAAAAAgABAAKAAAACAAAANgAAAADAAAATAAAACgAAAAEAAAA7Pz//wgAAAAMAAAAAAAAAAAAAAAFAAAAcmVmSWQAAAAM/f//CAAAAAwAAAAAAAAAAAAAAAQAAABuYW1lAAAAACz9//8IAAAAcAAAAGQAAAB7InR5cGUiOiJ0aW1lc2VyaWVzLXdpZGUiLCJjdXN0b20iOnsicmVzdWx0VHlwZSI6Im1hdHJpeCJ9LCJleGVjdXRlZFF1ZXJ5U3RyaW5nIjoiRXhwcjogXG5TdGVwOiAxcyJ9AAAAAAQAAABtZXRhAAAAAAMAAAAEAgAABAEAAAQAAAAW////FAAAAMwAAADMAAAAAAADAcwAAAACAAAALAAAAAQAAADk/f//CAAAABAAAAAFAAAAVmFsdWUAAAAEAAAAbmFtZQAAAAAI/v//CAAAAHgAAABtAAAAeyJfX25hbWVfXyI6InByb21ldGhldXNfaHR0cF9yZXF1ZXN0c190b3RhbCIsImNvZGUiOiI0MDAiLCJoYW5kbGVyIjoiL2FwaS92MS9xdWVyeV9yYW5nZSIsImpvYiI6InByb21ldGhldXMifQAAAAYAAABsYWJlbHMAAAAAAABa/v//AAACAAUAAABWYWx1ZQASABgAFAATABIADAAAAAgABAASAAAAFAAAAMwAAADMAAAAAAADAcwAAAACAAAALAAAAAQAAADg/v//CAAAABAAAAAFAAAAVmFsdWUAAAAEAAAAbmFtZQAAAAAE////CAAAAHgAAABtAAAAeyJfX25hbWVfXyI6InByb21ldGhldXNfaHR0cF9yZXF1ZXN0c190b3RhbCIsImNvZGUiOiIyMDAiLCJoYW5kbGVyIjoiL2FwaS92MS9xdWVyeV9yYW5nZSIsImpvYiI6InByb21ldGhldXMifQAAAAYAAABsYWJlbHMAAAAAAABW////AAACAAUAAABWYWx1ZQASABgAFAAAABMADAAAAAgABAASAAAAFAAAAHgAAACAAAAAAAAACoAAAAACAAAANAAAAAQAAADc////CAAAABAAAAAEAAAAVGltZQAAAAAEAAAAbmFtZQAAAAAIAAwACAAEAAgAAAAIAAAAHAAAABEAAAB7ImludGVydmFsIjoxMDAwfQAAAAYAAABjb25maWcAAAAAAAAAAAYACAAGAAYAAAAAAAMABAAAAFRpbWUAAAAA4AMAAEFSUk9XMQ==
