ðŸŒŸ This was machine generated.  Do not edit. ðŸŒŸ

Frame[0] {
    "type": "timeseries-wide",
    "custom": {
        "resultType": "matrix"
    },
    "executedQueryString": "Expr: test1\nStep: 1s"
}
Name: 
Dimensions: 2 Fields by 3 Rows
+-------------------------------+------------------------------------------------+
| Name: Time                    | Name: Value                                    |
| Labels:                       | Labels: __name__=go_goroutines, job=prometheus |
| Type: []time.Time             | Type: []*float64                               |
+-------------------------------+------------------------------------------------+
| 2022-01-11 08:25:33 +0000 UTC | 21                                             |
| 2022-01-11 08:25:34 +0000 UTC | 32                                             |
| 2022-01-11 08:25:37 +0000 UTC | 43                                             |
+-------------------------------+------------------------------------------------+


====== TEST DATA RESPONSE (arrow base64) ======
FRAME=QVJST1cxAAD/////iAIAABAAAAAAAAoADgAMAAsABAAKAAAAFAAAAAAAAAEEAAoADAAAAAgABAAKAAAACAAAANwAAAADAAAATAAAACgAAAAEAAAAFP7//wgAAAAMAAAAAAAAAAAAAAAFAAAAcmVmSWQAAAA0/v//CAAAAAwAAAAAAAAAAAAAAAQAAABuYW1lAAAAAFT+//8IAAAAdAAAAGkAAAB7InR5cGUiOiJ0aW1lc2VyaWVzLXdpZGUiLCJjdXN0b20iOnsicmVzdWx0VHlwZSI6Im1hdHJpeCJ9LCJleGVjdXRlZFF1ZXJ5U3RyaW5nIjoiRXhwcjogdGVzdDFcblN0ZXA6IDFzIn0AAAAEAAAAbWV0YQAAAAACAAAA2AAAABgAAAAAABIAGAAUABMAEgAMAAAACAAEABIAAAAUAAAAjAAAAIwAAAAAAAMBjAAAAAIAAAAsAAAABAAAACD///8IAAAAEAAAAAUAAABWYWx1ZQAAAAQAAABuYW1lAAAAAET///8IAAAAOAAAAC8AAAB7Il9fbmFtZV9fIjoiZ29fZ29yb3V0aW5lcyIsImpvYiI6InByb21ldGhldXMifQAGAAAAbGFiZWxzAAAAAAAAVv///wAAAgAFAAAAVmFsdWUAEgAYABQAAAATAAwAAAAIAAQAEgAAABQAAAB4AAAAgAAAAAAAAAqAAAAAAgAAADQAAAAEAAAA3P///wgAAAAQAAAABAAAAFRpbWUAAAAABAAAAG5hbWUAAAAACAAMAAgABAAIAAAACAAAABwAAAARAAAAeyJpbnRlcnZhbCI6MTAwMH0AAAAGAAAAY29uZmlnAAAAAAAAAAAGAAgABgAGAAAAAAADAAQAAABUaW1lAAAAAP////+4AAAAFAAAAAAAAAAMABYAFAATAAwABAAMAAAAMAAAAAAAAAAUAAAAAAAAAwQACgAYAAwACAAEAAoAAAAUAAAAWAAAAAMAAAAAAAAAAAAAAAQAAAAAAAAAAAAAAAAAAAAAAAAAAAAAAAAAAAAYAAAAAAAAABgAAAAAAAAAAAAAAAAAAAAYAAAAAAAAABgAAAAAAAAAAAAAAAIAAAADAAAAAAAAAAAAAAAAAAAAAwAAAAAAAAAAAAAAAAAAAACi5cbUKckWAGyAAtUpyRYAylC11SnJFgAAAAAAADVAAAAAAAAAQEAAAAAAAIBFQBAAAAAMABQAEgAMAAgABAAMAAAAEAAAACwAAAA8AAAAAAAEAAEAAACYAgAAAAAAAMAAAAAAAAAAMAAAAAAAAAAAAAAAAAAAAAAAAAAAAAoADAAAAAgABAAKAAAACAAAANwAAAADAAAATAAAACgAAAAEAAAAFP7//wgAAAAMAAAAAAAAAAAAAAAFAAAAcmVmSWQAAAA0/v//CAAAAAwAAAAAAAAAAAAAAAQAAABuYW1lAAAAAFT+//8IAAAAdAAAAGkAAAB7InR5cGUiOiJ0aW1lc2VyaWVzLXdpZGUiLCJjdXN0b20iOnsicmVzdWx0VHlwZSI6Im1hdHJpeCJ9LCJleGVjdXRlZFF1ZXJ5U3RyaW5nIjoiRXhwcjogdGVzdDFcblN0ZXA6IDFzIn0AAAAEAAAAbWV0YQAAAAACAAAA2AAAABgAAAAAABIAGAAUABMAEgAMAAAACAAEABIAAAAUAAAAjAAAAIwAAAAAAAMBjAAAAAIAAAAsAAAABAAAACD///8IAAAAEAAAAAUAAABWYWx1ZQAAAAQAAABuYW1lAAAAAET///8IAAAAOAAAAC8AAAB7Il9fbmFtZV9fIjoiZ29fZ29yb3V0aW5lcyIsImpvYiI6InByb21ldGhldXMifQAGAAAAbGFiZWxzAAAAAAAAVv///wAAAgAFAAAAVmFsdWUAEgAYABQAAAATAAwAAAAIAAQAEgAAABQAAAB4AAAAgAAAAAAAAAqAAAAAAgAAADQAAAAEAAAA3P///wgAAAAQAAAABAAAAFRpbWUAAAAABAAAAG5hbWUAAAAACAAMAAgABAAIAAAACAAAABwAAAARAAAAeyJpbnRlcnZhbCI6MTAwMH0AAAAGAAAAY29uZmlnAAAAAAAAAAAGAAgABgAGAAAAAAADAAQAAABUaW1lAAAAALgCAABBUlJPVzE=
